Component: Arm Compiler for Embedded 6.21 Tool: armlink [5ec1fa00]

==============================================================================

Section Cross References

    startup_stm32f405xx.o(STACK) refers (Special) to heapauxi.o(.text) for __use_two_region_memory
    startup_stm32f405xx.o(HEAP) refers (Special) to heapauxi.o(.text) for __use_two_region_memory
    startup_stm32f405xx.o(RESET) refers (Special) to heapauxi.o(.text) for __use_two_region_memory
    startup_stm32f405xx.o(RESET) refers to startup_stm32f405xx.o(STACK) for __initial_sp
    startup_stm32f405xx.o(RESET) refers to startup_stm32f405xx.o(.text) for Reset_Handler
    startup_stm32f405xx.o(RESET) refers to stm32f4xx_it.o(.text.NMI_Handler) for NMI_Handler
    startup_stm32f405xx.o(RESET) refers to stm32f4xx_it.o(.text.HardFault_Handler) for HardFault_Handler
    startup_stm32f405xx.o(RESET) refers to stm32f4xx_it.o(.text.MemManage_Handler) for MemManage_Handler
    startup_stm32f405xx.o(RESET) refers to stm32f4xx_it.o(.text.BusFault_Handler) for BusFault_Handler
    startup_stm32f405xx.o(RESET) refers to stm32f4xx_it.o(.text.UsageFault_Handler) for UsageFault_Handler
    startup_stm32f405xx.o(RESET) refers to stm32f4xx_it.o(.text.SVC_Handler) for SVC_Handler
    startup_stm32f405xx.o(RESET) refers to stm32f4xx_it.o(.text.DebugMon_Handler) for DebugMon_Handler
    startup_stm32f405xx.o(RESET) refers to stm32f4xx_it.o(.text.PendSV_Handler) for PendSV_Handler
    startup_stm32f405xx.o(RESET) refers to stm32f4xx_it.o(.text.SysTick_Handler) for SysTick_Handler
    startup_stm32f405xx.o(RESET) refers to stm32f4xx_it.o(.text.ADC_IRQHandler) for ADC_IRQHandler
    startup_stm32f405xx.o(RESET) refers to stm32f4xx_it.o(.text.TIM1_UP_TIM10_IRQHandler) for TIM1_UP_TIM10_IRQHandler
    startup_stm32f405xx.o(RESET) refers to stm32f4xx_it.o(.text.DMA2_Stream0_IRQHandler) for DMA2_Stream0_IRQHandler
    startup_stm32f405xx.o(RESET) refers to stm32f4xx_it.o(.text.OTG_FS_IRQHandler) for OTG_FS_IRQHandler
    startup_stm32f405xx.o(.text) refers (Special) to heapauxi.o(.text) for __use_two_region_memory
    startup_stm32f405xx.o(.text) refers to system_stm32f4xx.o(.text.SystemInit) for SystemInit
    startup_stm32f405xx.o(.text) refers to __main.o(!!!main) for __main
    startup_stm32f405xx.o(.text) refers to startup_stm32f405xx.o(HEAP) for Heap_Mem
    startup_stm32f405xx.o(.text) refers to startup_stm32f405xx.o(STACK) for Stack_Mem
    motorcontrol.o(.ARM.exidx.text.SVPWM) refers to motorcontrol.o(.text.SVPWM) for [Anonymous Symbol]
    motorcontrol.o(.text.apply_pwm) refers to tim.o(.bss.htim1) for htim1
    motorcontrol.o(.ARM.exidx.text.apply_pwm) refers to motorcontrol.o(.text.apply_pwm) for [Anonymous Symbol]
    motorcontrol.o(.text.Clark_Park_Tf) refers to arm_sin_f32.o(.text.arm_sin_f32) for arm_sin_f32
    motorcontrol.o(.text.Clark_Park_Tf) refers to arm_cos_f32.o(.text.arm_cos_f32) for arm_cos_f32
    motorcontrol.o(.text.Clark_Park_Tf) refers to motorcontrol.o(.bss.sintest) for sintest
    motorcontrol.o(.text.Clark_Park_Tf) refers to motorcontrol.o(.bss.costest) for costest
    motorcontrol.o(.text.Clark_Park_Tf) refers to f2d.o(x$fpl$f2d) for __aeabi_f2d
    motorcontrol.o(.text.Clark_Park_Tf) refers to dmul.o(x$fpl$dmul) for __aeabi_dmul
    motorcontrol.o(.text.Clark_Park_Tf) refers to daddsub_clz.o(x$fpl$dadd) for __aeabi_dadd
    motorcontrol.o(.text.Clark_Park_Tf) refers to d2f.o(x$fpl$d2f) for __aeabi_d2f
    motorcontrol.o(.text.Clark_Park_Tf) refers to daddsub_clz.o(x$fpl$dsub) for __aeabi_dsub
    motorcontrol.o(.ARM.exidx.text.Clark_Park_Tf) refers to motorcontrol.o(.text.Clark_Park_Tf) for [Anonymous Symbol]
    motorcontrol.o(.text.Inv_Park_Tf) refers to arm_sin_f32.o(.text.arm_sin_f32) for arm_sin_f32
    motorcontrol.o(.text.Inv_Park_Tf) refers to arm_cos_f32.o(.text.arm_cos_f32) for arm_cos_f32
    motorcontrol.o(.ARM.exidx.text.Inv_Park_Tf) refers to motorcontrol.o(.text.Inv_Park_Tf) for [Anonymous Symbol]
    motorcontrol.o(.text.current_loop) refers to motorcontrol.o(.bss.encPositionA) for encPositionA
    motorcontrol.o(.text.current_loop) refers to motorcontrol.o(.bss.theta_e) for theta_e
    motorcontrol.o(.text.current_loop) refers to motorcontrol.o(.bss.ia) for ia
    motorcontrol.o(.text.current_loop) refers to motorcontrol.o(.bss.ib) for ib
    motorcontrol.o(.text.current_loop) refers to motorcontrol.o(.bss.ic) for ic
    motorcontrol.o(.text.current_loop) refers to motorcontrol.o(.text.Clark_Park_Tf) for Clark_Park_Tf
    motorcontrol.o(.text.current_loop) refers to f2d.o(x$fpl$f2d) for __aeabi_f2d
    motorcontrol.o(.text.current_loop) refers to motorcontrol.o(.bss.id_pre) for id_pre
    motorcontrol.o(.text.current_loop) refers to dmul.o(x$fpl$dmul) for __aeabi_dmul
    motorcontrol.o(.text.current_loop) refers to daddsub_clz.o(x$fpl$dadd) for __aeabi_dadd
    motorcontrol.o(.text.current_loop) refers to d2f.o(x$fpl$d2f) for __aeabi_d2f
[...]
    AS5047P_GetError                         0x080004c5   Thumb Code    10  as5047p.o(.text.AS5047P_GetError)
    AS5047P_HAL_Delay_ms                     0x080004d1   Thumb Code     4  as5047p_hal.o(.text.AS5047P_HAL_Delay_ms)
    AS5047P_HAL_Init                         0x080004d5   Thumb Code    76  as5047p_hal.o(.text.AS5047P_HAL_Init)
    AS5047P_HAL_SPI_Transaction              0x08000521   Thumb Code   188  as5047p_hal.o(.text.AS5047P_HAL_SPI_Transaction)
    AS5047P_Init                             0x080005dd   Thumb Code   126  as5047p.o(.text.AS5047P_Init)
    AS5047P_ReadPosition                     0x0800065d   Thumb Code   658  as5047p.o(.text.AS5047P_ReadPosition)
    AS5047P_ReadRegister                     0x080008f1   Thumb Code   422  as5047p.o(.text.AS5047P_ReadRegister)
    AS5047P_ReadWriteRaw                     0x08000a99   Thumb Code   198  as5047p.o(.text.AS5047P_ReadWriteRaw)
    BusFault_Handler                         0x08000b61   Thumb Code     2  stm32f4xx_it.o(.text.BusFault_Handler)
    CDC_Transmit_FS                          0x08000bb9   Thumb Code    54  usbd_cdc_if.o(.text.CDC_Transmit_FS)
    Clark_Park_Tf                            0x08000bf1   Thumb Code   344  motorcontrol.o(.text.Clark_Park_Tf)
    DMA2_Stream0_IRQHandler                  0x08000d59   Thumb Code    12  stm32f4xx_it.o(.text.DMA2_Stream0_IRQHandler)
    DebugMon_Handler                         0x08000d65   Thumb Code     2  stm32f4xx_it.o(.text.DebugMon_Handler)
    Error_Handler                            0x08000d69   Thumb Code    10  main.o(.text.Error_Handler)
    HAL_ADCEx_InjectedConfigChannel          0x08000d75   Thumb Code   338  stm32f4xx_hal_adc_ex.o(.text.HAL_ADCEx_InjectedConfigChannel)
    HAL_ADCEx_InjectedConvCpltCallback       0x08000ec9   Thumb Code  1312  main.o(.text.HAL_ADCEx_InjectedConvCpltCallback)
    HAL_ADCEx_InjectedGetValue               0x08001415   Thumb Code    50  stm32f4xx_hal_adc_ex.o(.text.HAL_ADCEx_InjectedGetValue)
    HAL_ADCEx_InjectedStart_IT               0x08001449   Thumb Code   238  stm32f4xx_hal_adc_ex.o(.text.HAL_ADCEx_InjectedStart_IT)
    HAL_ADC_ConfigChannel                    0x08001539   Thumb Code   262  stm32f4xx_hal_adc.o(.text.HAL_ADC_ConfigChannel)
    HAL_ADC_ConvCpltCallback                 0x08001641   Thumb Code     2  stm32f4xx_hal_adc.o(.text.HAL_ADC_ConvCpltCallback)
    HAL_ADC_ErrorCallback                    0x08001645   Thumb Code     2  stm32f4xx_hal_adc.o(.text.HAL_ADC_ErrorCallback)
    HAL_ADC_IRQHandler                       0x08001649   Thumb Code   308  stm32f4xx_hal_adc.o(.text.HAL_ADC_IRQHandler)
    HAL_ADC_Init                             0x0800177d   Thumb Code   332  stm32f4xx_hal_adc.o(.text.HAL_ADC_Init)
    HAL_ADC_LevelOutOfWindowCallback         0x080018c9   Thumb Code     2  stm32f4xx_hal_adc.o(.text.HAL_ADC_LevelOutOfWindowCallback)
    HAL_ADC_MspInit                          0x080018cd   Thumb Code   240  adc.o(.text.HAL_ADC_MspInit)
    HAL_DMA_IRQHandler                       0x080019bd   Thumb Code   394  stm32f4xx_hal_dma.o(.text.HAL_DMA_IRQHandler)
    HAL_DMA_Init                             0x08001b49   Thumb Code   318  stm32f4xx_hal_dma.o(.text.HAL_DMA_Init)
    HAL_Delay                                0x08001c89   Thumb Code    40  stm32f4xx_hal.o(.text.HAL_Delay)
    HAL_GPIO_Init                            0x08001cb1   Thumb Code   408  stm32f4xx_hal_gpio.o(.text.HAL_GPIO_Init)
    HAL_GPIO_WritePin                        0x08001e49   Thumb Code    10  stm32f4xx_hal_gpio.o(.text.HAL_GPIO_WritePin)
    HAL_GetTick                              0x08001e55   Thumb Code    12  stm32f4xx_hal.o(.text.HAL_GetTick)
    HAL_IncTick                              0x08001e61   Thumb Code    26  stm32f4xx_hal.o(.text.HAL_IncTick)
    HAL_Init                                 0x08001e7d   Thumb Code    54  stm32f4xx_hal.o(.text.HAL_Init)
    HAL_InitTick                             0x08001eb5   Thumb Code    80  stm32f4xx_hal.o(.text.HAL_InitTick)
    HAL_MspInit                              0x08001f05   Thumb Code    56  stm32f4xx_hal_msp.o(.text.HAL_MspInit)
    HAL_NVIC_EnableIRQ                       0x08001f3d   Thumb Code    32  stm32f4xx_hal_cortex.o(.text.HAL_NVIC_EnableIRQ)
    HAL_NVIC_SetPriority                     0x08001f5d   Thumb Code    86  stm32f4xx_hal_cortex.o(.text.HAL_NVIC_SetPriority)
    HAL_NVIC_SetPriorityGrouping             0x08001fb5   Thumb Code    32  stm32f4xx_hal_cortex.o(.text.HAL_NVIC_SetPriorityGrouping)
    HAL_PCDEx_LPM_Callback                   0x08001fd5   Thumb Code     2  stm32f4xx_hal_pcd_ex.o(.text.HAL_PCDEx_LPM_Callback)
    HAL_PCDEx_SetRxFiFo                      0x08001fd9   Thumb Code     8  stm32f4xx_hal_pcd_ex.o(.text.HAL_PCDEx_SetRxFiFo)
    HAL_PCDEx_SetTxFiFo                      0x08001fe1   Thumb Code    78  stm32f4xx_hal_pcd_ex.o(.text.HAL_PCDEx_SetTxFiFo)
    HAL_PCD_ConnectCallback                  0x08002031   Thumb Code     8  usbd_conf.o(.text.HAL_PCD_ConnectCallback)
    HAL_PCD_DataInStageCallback              0x08002039   Thumb Code    20  usbd_conf.o(.text.HAL_PCD_DataInStageCallback)
    HAL_PCD_DataOutStageCallback             0x0800204d   Thumb Code    22  usbd_conf.o(.text.HAL_PCD_DataOutStageCallback)
    HAL_PCD_DisconnectCallback               0x08002065   Thumb Code     8  usbd_conf.o(.text.HAL_PCD_DisconnectCallback)
    HAL_PCD_EP_Close                         0x0800206d   Thumb Code    80  stm32f4xx_hal_pcd.o(.text.HAL_PCD_EP_Close)
    HAL_PCD_EP_ClrStall                      0x080020bd   Thumb Code   102  stm32f4xx_hal_pcd.o(.text.HAL_PCD_EP_ClrStall)
    HAL_PCD_EP_GetRxCount                    0x08002125   Thumb Code    18  stm32f4xx_hal_pcd.o(.text.HAL_PCD_EP_GetRxCount)
    HAL_PCD_EP_Open                          0x08002139   Thumb Code   104  stm32f4xx_hal_pcd.o(.text.HAL_PCD_EP_Open)
    HAL_PCD_EP_Receive                       0x080021a1   Thumb Code    76  stm32f4xx_hal_pcd.o(.text.HAL_PCD_EP_Receive)
    HAL_PCD_EP_SetStall                      0x080021ed   Thumb Code   114  stm32f4xx_hal_pcd.o(.text.HAL_PCD_EP_SetStall)
    HAL_PCD_EP_Transmit                      0x08002261   Thumb Code    68  stm32f4xx_hal_pcd.o(.text.HAL_PCD_EP_Transmit)
    HAL_PCD_IRQHandler                       0x080022a5   Thumb Code  1990  stm32f4xx_hal_pcd.o(.text.HAL_PCD_IRQHandler)
    HAL_PCD_ISOINIncompleteCallback          0x08002a6d   Thumb Code     8  usbd_conf.o(.text.HAL_PCD_ISOINIncompleteCallback)
    HAL_PCD_ISOOUTIncompleteCallback         0x08002a75   Thumb Code     8  usbd_conf.o(.text.HAL_PCD_ISOOUTIncompleteCallback)
    HAL_PCD_Init                             0x08002a7d   Thumb Code   310  stm32f4xx_hal_pcd.o(.text.HAL_PCD_Init)
    HAL_PCD_MspInit                          0x08002bb5   Thumb Code   136  usbd_conf.o(.text.HAL_PCD_MspInit)
    HAL_PCD_ResetCallback                    0x08002c3d   Thumb Code    42  usbd_conf.o(.text.HAL_PCD_ResetCallback)
    HAL_PCD_ResumeCallback                   0x08002c69   Thumb Code     8  usbd_conf.o(.text.HAL_PCD_ResumeCallback)
    HAL_PCD_SOFCallback                      0x08002c71   Thumb Code     8  usbd_conf.o(.text.HAL_PCD_SOFCallback)
    HAL_PCD_SetAddress                       0x08002c79   Thumb Code    40  stm32f4xx_hal_pcd.o(.text.HAL_PCD_SetAddress)
    HAL_PCD_SetupStageCallback               0x08002ca1   Thumb Code    14  usbd_conf.o(.text.HAL_PCD_SetupStageCallback)
    HAL_PCD_Start                            0x08002cb1   Thumb Code    62  stm32f4xx_hal_pcd.o(.text.HAL_PCD_Start)
    HAL_PCD_SuspendCallback                  0x08002cf1   Thumb Code    52  usbd_conf.o(.text.HAL_PCD_SuspendCallback)
    HAL_RCC_CSSCallback                      0x08002d25   Thumb Code     2  stm32f4xx_hal_rcc.o(.text.HAL_RCC_CSSCallback)
    HAL_RCC_ClockConfig                      0x08002d29   Thumb Code   352  stm32f4xx_hal_rcc.o(.text.HAL_RCC_ClockConfig)
    HAL_RCC_EnableCSS                        0x08002e89   Thumb Code    12  stm32f4xx_hal_rcc.o(.text.HAL_RCC_EnableCSS)
    HAL_RCC_GetHCLKFreq                      0x08002e95   Thumb Code    12  stm32f4xx_hal_rcc.o(.text.HAL_RCC_GetHCLKFreq)
    HAL_RCC_GetSysClockFreq                  0x08002ea1   Thumb Code   106  stm32f4xx_hal_rcc.o(.text.HAL_RCC_GetSysClockFreq)
    HAL_RCC_NMI_IRQHandler                   0x08002f0d   Thumb Code    28  stm32f4xx_hal_rcc.o(.text.HAL_RCC_NMI_IRQHandler)
    HAL_RCC_OscConfig                        0x08002f29   Thumb Code   852  stm32f4xx_hal_rcc.o(.text.HAL_RCC_OscConfig)
    HAL_SPI_Init                             0x0800327d   Thumb Code   180  stm32f4xx_hal_spi.o(.text.HAL_SPI_Init)
    HAL_SPI_MspInit                          0x08003331   Thumb Code   116  spi.o(.text.HAL_SPI_MspInit)
    HAL_SPI_TransmitReceive                  0x080033a5   Thumb Code   548  stm32f4xx_hal_spi.o(.text.HAL_SPI_TransmitReceive)
    HAL_SYSTICK_Config                       0x080035c9   Thumb Code    44  stm32f4xx_hal_cortex.o(.text.HAL_SYSTICK_Config)
    HAL_TIMEx_BreakCallback                  0x080035f5   Thumb Code     2  stm32f4xx_hal_tim_ex.o(.text.HAL_TIMEx_BreakCallback)
    HAL_TIMEx_CommutCallback                 0x080035f9   Thumb Code     2  stm32f4xx_hal_tim_ex.o(.text.HAL_TIMEx_CommutCallback)
    HAL_TIMEx_ConfigBreakDeadTime            0x080035fd   Thumb Code    80  stm32f4xx_hal_tim_ex.o(.text.HAL_TIMEx_ConfigBreakDeadTime)
    HAL_TIMEx_MasterConfigSynchronization    0x0800364d   Thumb Code   188  stm32f4xx_hal_tim_ex.o(.text.HAL_TIMEx_MasterConfigSynchronization)
    HAL_TIMEx_PWMN_Start                     0x08003709   Thumb Code   242  stm32f4xx_hal_tim_ex.o(.text.HAL_TIMEx_PWMN_Start)
    HAL_TIM_Base_Init                        0x080037fd   Thumb Code    90  stm32f4xx_hal_tim.o(.text.HAL_TIM_Base_Init)
    HAL_TIM_Base_MspInit                     0x08003859   Thumb Code    70  tim.o(.text.HAL_TIM_Base_MspInit)
    HAL_TIM_Base_Start                       0x080038a1   Thumb Code   160  stm32f4xx_hal_tim.o(.text.HAL_TIM_Base_Start)
    HAL_TIM_ConfigClockSource                0x08003941   Thumb Code   418  stm32f4xx_hal_tim.o(.text.HAL_TIM_ConfigClockSource)
    HAL_TIM_IC_CaptureCallback               0x08003ae5   Thumb Code     2  stm32f4xx_hal_tim.o(.text.HAL_TIM_IC_CaptureCallback)
    HAL_TIM_IRQHandler                       0x08003ae9   Thumb Code   362  stm32f4xx_hal_tim.o(.text.HAL_TIM_IRQHandler)
    HAL_TIM_OC_DelayElapsedCallback          0x08003c55   Thumb Code     2  stm32f4xx_hal_tim.o(.text.HAL_TIM_OC_DelayElapsedCallback)
    HAL_TIM_PWM_ConfigChannel                0x08003c59   Thumb Code   534  stm32f4xx_hal_tim.o(.text.HAL_TIM_PWM_ConfigChannel)
    HAL_TIM_PWM_Init                         0x08003e71   Thumb Code    90  stm32f4xx_hal_tim.o(.text.HAL_TIM_PWM_Init)
    HAL_TIM_PWM_MspInit                      0x08003ecd   Thumb Code     2  stm32f4xx_hal_tim.o(.text.HAL_TIM_PWM_MspInit)
    HAL_TIM_PWM_PulseFinishedCallback        0x08003ed1   Thumb Code     2  stm32f4xx_hal_tim.o(.text.HAL_TIM_PWM_PulseFinishedCallback)
    HAL_TIM_PWM_Start                        0x08003ed5   Thumb Code   290  stm32f4xx_hal_tim.o(.text.HAL_TIM_PWM_Start)
    HAL_TIM_PeriodElapsedCallback            0x08003ff9   Thumb Code     2  stm32f4xx_hal_tim.o(.text.HAL_TIM_PeriodElapsedCallback)
    HAL_TIM_TriggerCallback                  0x08003ffd   Thumb Code     2  stm32f4xx_hal_tim.o(.text.HAL_TIM_TriggerCallback)
    HardFault_Handler                        0x08004001   Thumb Code     2  stm32f4xx_it.o(.text.HardFault_Handler)
    MX_ADC1_Init                             0x08004005   Thumb Code   368  adc.o(.text.MX_ADC1_Init)
    MX_DMA_Init                              0x08004175   Thumb Code    56  dma.o(.text.MX_DMA_Init)
    MX_GPIO_Init                             0x080041ad   Thumb Code   186  gpio.o(.text.MX_GPIO_Init)
    MX_SPI3_Init                             0x08004269   Thumb Code    78  spi.o(.text.MX_SPI3_Init)
    MX_TIM1_Init                             0x080042b9   Thumb Code   446  tim.o(.text.MX_TIM1_Init)
    MX_USB_DEVICE_Init                       0x08004479   Thumb Code   114  usb_device.o(.text.MX_USB_DEVICE_Init)
    MemManage_Handler                        0x080044ed   Thumb Code     2  stm32f4xx_it.o(.text.MemManage_Handler)
    NMI_Handler                              0x080044f1   Thumb Code     6  stm32f4xx_it.o(.text.NMI_Handler)
    OTG_FS_IRQHandler                        0x080044f9   Thumb Code    12  stm32f4xx_it.o(.text.OTG_FS_IRQHandler)
    PendSV_Handler                           0x08004505   Thumb Code     2  stm32f4xx_it.o(.text.PendSV_Handler)
    SVC_Handler                              0x080045d9   Thumb Code     2  stm32f4xx_it.o(.text.SVC_Handler)
    SVPWM                                    0x080045dd   Thumb Code   576  motorcontrol.o(.text.SVPWM)
    SysTick_Handler                          0x0800482d   Thumb Code     4  stm32f4xx_it.o(.text.SysTick_Handler)
    SystemClock_Config                       0x08004831   Thumb Code   182  main.o(.text.SystemClock_Config)
    SystemInit                               0x080048e9   Thumb Code    18  system_stm32f4xx.o(.text.SystemInit)
    TIM1_UP_TIM10_IRQHandler                 0x080048fd   Thumb Code    12  stm32f4xx_it.o(.text.TIM1_UP_TIM10_IRQHandler)
    TIM_Base_SetConfig                       0x08004909   Thumb Code   292  stm32f4xx_hal_tim.o(.text.TIM_Base_SetConfig)
    USBD_CDC_GetDeviceQualifierDescriptor    0x08004b75   Thumb Code    16  usbd_cdc.o(.text.USBD_CDC_GetDeviceQualifierDescriptor)
    USBD_CDC_ReceivePacket                   0x08004d4d   Thumb Code    52  usbd_cdc.o(.text.USBD_CDC_ReceivePacket)
    USBD_CDC_RegisterInterface               0x08004d81   Thumb Code    24  usbd_cdc.o(.text.USBD_CDC_RegisterInterface)
    USBD_CDC_SetRxBuffer                     0x08004d99   Thumb Code    26  usbd_cdc.o(.text.USBD_CDC_SetRxBuffer)
    USBD_CDC_SetTxBuffer                     0x08004db5   Thumb Code    30  usbd_cdc.o(.text.USBD_CDC_SetTxBuffer)
    USBD_CDC_TransmitPacket                  0x08004eb1   Thumb Code    68  usbd_cdc.o(.text.USBD_CDC_TransmitPacket)
    USBD_ClrClassConfig                      0x08004ef5   Thumb Code    18  usbd_core.o(.text.USBD_ClrClassConfig)
    USBD_CoreFindEP                          0x08004f09   Thumb Code     4  usbd_core.o(.text.USBD_CoreFindEP)
    USBD_CoreFindIF                          0x08004f0d   Thumb Code     4  usbd_core.o(.text.USBD_CoreFindIF)
    USBD_CtlContinueRx                       0x08004f11   Thumb Code    16  usbd_ioreq.o(.text.USBD_CtlContinueRx)
    USBD_CtlContinueSendData                 0x08004f21   Thumb Code    16  usbd_ioreq.o(.text.USBD_CtlContinueSendData)
    USBD_CtlError                            0x08004f31   Thumb Code    22  usbd_ctlreq.o(.text.USBD_CtlError)
    USBD_CtlPrepareRx                        0x08004f49   Thumb Code    26  usbd_ioreq.o(.text.USBD_CtlPrepareRx)
    USBD_CtlReceiveStatus                    0x08004f65   Thumb Code    22  usbd_ioreq.o(.text.USBD_CtlReceiveStatus)
    USBD_CtlSendData                         0x08004f7d   Thumb Code    26  usbd_ioreq.o(.text.USBD_CtlSendData)
    USBD_CtlSendStatus                       0x08004f99   Thumb Code    22  usbd_ioreq.o(.text.USBD_CtlSendStatus)
    USBD_FS_ConfigStrDescriptor              0x08004fb1   Thumb Code    24  usbd_desc.o(.text.USBD_FS_ConfigStrDescriptor)
    USBD_FS_DeviceDescriptor                 0x08004fd5   Thumb Code    14  usbd_desc.o(.text.USBD_FS_DeviceDescriptor)
    USBD_FS_InterfaceStrDescriptor           0x08004fe5   Thumb Code    24  usbd_desc.o(.text.USBD_FS_InterfaceStrDescriptor)
    USBD_FS_LangIDStrDescriptor              0x0800500d   Thumb Code    14  usbd_desc.o(.text.USBD_FS_LangIDStrDescriptor)
    USBD_FS_ManufacturerStrDescriptor        0x0800501d   Thumb Code    24  usbd_desc.o(.text.USBD_FS_ManufacturerStrDescriptor)
    USBD_FS_ProductStrDescriptor             0x08005049   Thumb Code    24  usbd_desc.o(.text.USBD_FS_ProductStrDescriptor)
    USBD_FS_SerialStrDescriptor              0x08005079   Thumb Code   136  usbd_desc.o(.text.USBD_FS_SerialStrDescriptor)
    USBD_GetEpDesc                           0x08005101   Thumb Code    54  usbd_core.o(.text.USBD_GetEpDesc)
    USBD_GetString                           0x08005139   Thumb Code   116  usbd_ctlreq.o(.text.USBD_GetString)
    USBD_Init                                0x080051ad   Thumb Code    42  usbd_core.o(.text.USBD_Init)
    USBD_LL_ClearStallEP                     0x080051d9   Thumb Code    34  usbd_conf.o(.text.USBD_LL_ClearStallEP)
    USBD_LL_CloseEP                          0x080051fd   Thumb Code    34  usbd_conf.o(.text.USBD_LL_CloseEP)
    USBD_LL_DataInStage                      0x08005221   Thumb Code   178  usbd_core.o(.text.USBD_LL_DataInStage)
    USBD_LL_DataOutStage                     0x080052d5   Thumb Code   122  usbd_core.o(.text.USBD_LL_DataOutStage)
    USBD_LL_DevConnected                     0x08005351   Thumb Code     4  usbd_core.o(.text.USBD_LL_DevConnected)
    USBD_LL_DevDisconnected                  0x08005355   Thumb Code    34  usbd_core.o(.text.USBD_LL_DevDisconnected)
    USBD_LL_GetRxDataSize                    0x08005379   Thumb Code     8  usbd_conf.o(.text.USBD_LL_GetRxDataSize)
    USBD_LL_Init                             0x08005381   Thumb Code   114  usbd_conf.o(.text.USBD_LL_Init)
    USBD_LL_IsStallEP                        0x080053f5   Thumb Code    34  usbd_conf.o(.text.USBD_LL_IsStallEP)
    USBD_LL_IsoINIncomplete                  0x08005419   Thumb Code    44  usbd_core.o(.text.USBD_LL_IsoINIncomplete)
    USBD_LL_IsoOUTIncomplete                 0x08005445   Thumb Code    44  usbd_core.o(.text.USBD_LL_IsoOUTIncomplete)
    USBD_LL_OpenEP                           0x08005471   Thumb Code    40  usbd_conf.o(.text.USBD_LL_OpenEP)
    USBD_LL_PrepareReceive                   0x08005499   Thumb Code    34  usbd_conf.o(.text.USBD_LL_PrepareReceive)
    USBD_LL_Reset                            0x080054bd   Thumb Code    96  usbd_core.o(.text.USBD_LL_Reset)
    USBD_LL_Resume                           0x0800551d   Thumb Code    20  usbd_core.o(.text.USBD_LL_Resume)
    USBD_LL_SOF                              0x08005531   Thumb Code    30  usbd_core.o(.text.USBD_LL_SOF)
    USBD_LL_SetSpeed                         0x08005551   Thumb Code     8  usbd_core.o(.text.USBD_LL_SetSpeed)
    USBD_LL_SetUSBAddress                    0x08005559   Thumb Code    34  usbd_conf.o(.text.USBD_LL_SetUSBAddress)
    USBD_LL_SetupStage                       0x0800557d   Thumb Code    96  usbd_core.o(.text.USBD_LL_SetupStage)
    USBD_LL_StallEP                          0x080055dd   Thumb Code    34  usbd_conf.o(.text.USBD_LL_StallEP)
    USBD_LL_Start                            0x08005601   Thumb Code    34  usbd_conf.o(.text.USBD_LL_Start)
    USBD_LL_Suspend                          0x08005625   Thumb Code    20  usbd_core.o(.text.USBD_LL_Suspend)
    USBD_LL_Transmit                         0x08005639   Thumb Code    34  usbd_conf.o(.text.USBD_LL_Transmit)
    USBD_ParseSetupRequest                   0x0800565d   Thumb Code    22  usbd_ctlreq.o(.text.USBD_ParseSetupRequest)
    USBD_RegisterClass                       0x08005675   Thumb Code    66  usbd_core.o(.text.USBD_RegisterClass)
    USBD_SetClassConfig                      0x080056b9   Thumb Code    16  usbd_core.o(.text.USBD_SetClassConfig)
    USBD_Start                               0x080056c9   Thumb Code     4  usbd_core.o(.text.USBD_Start)
    USBD_StdDevReq                           0x080056cd   Thumb Code   822  usbd_ctlreq.o(.text.USBD_StdDevReq)
    USBD_StdEPReq                            0x08005a05   Thumb Code   330  usbd_ctlreq.o(.text.USBD_StdEPReq)
    USBD_StdItfReq                           0x08005b51   Thumb Code   120  usbd_ctlreq.o(.text.USBD_StdItfReq)
    USBD_static_free                         0x08005bc9   Thumb Code     2  usbd_conf.o(.text.USBD_static_free)
    USBD_static_malloc                       0x08005bcd   Thumb Code    10  usbd_conf.o(.text.USBD_static_malloc)
    USB_ActivateEndpoint                     0x08005bd9   Thumb Code   128  stm32f4xx_ll_usb.o(.text.USB_ActivateEndpoint)
    USB_ActivateSetup                        0x08005c59   Thumb Code    32  stm32f4xx_ll_usb.o(.text.USB_ActivateSetup)
    USB_CoreInit                             0x08005c79   Thumb Code   254  stm32f4xx_ll_usb.o(.text.USB_CoreInit)
    USB_DeactivateEndpoint                   0x08005d79   Thumb Code   134  stm32f4xx_ll_usb.o(.text.USB_DeactivateEndpoint)
    USB_DevConnect                           0x08005e01   Thumb Code    30  stm32f4xx_ll_usb.o(.text.USB_DevConnect)
    USB_DevDisconnect                        0x08005e21   Thumb Code    30  stm32f4xx_ll_usb.o(.text.USB_DevDisconnect)
    USB_DevInit                              0x08005e41   Thumb Code   482  stm32f4xx_ll_usb.o(.text.USB_DevInit)
    USB_DisableGlobalInt                     0x08006025   Thumb Code    14  stm32f4xx_ll_usb.o(.text.USB_DisableGlobalInt)
    USB_EP0StartXfer                         0x08006035   Thumb Code   252  stm32f4xx_ll_usb.o(.text.USB_EP0StartXfer)
    USB_EP0_OutStart                         0x08006131   Thumb Code    90  stm32f4xx_ll_usb.o(.text.USB_EP0_OutStart)
    USB_EPClearStall                         0x0800618d   Thumb Code    80  stm32f4xx_ll_usb.o(.text.USB_EPClearStall)
    USB_EPSetStall                           0x080061dd   Thumb Code    60  stm32f4xx_ll_usb.o(.text.USB_EPSetStall)
    USB_EPStartXfer                          0x08006219   Thumb Code   448  stm32f4xx_ll_usb.o(.text.USB_EPStartXfer)
    USB_EPStopXfer                           0x080063d9   Thumb Code   138  stm32f4xx_ll_usb.o(.text.USB_EPStopXfer)
    USB_EnableGlobalInt                      0x08006465   Thumb Code    14  stm32f4xx_ll_usb.o(.text.USB_EnableGlobalInt)
    USB_FlushTxFifo                          0x08006475   Thumb Code    78  stm32f4xx_ll_usb.o(.text.USB_FlushTxFifo)
    USB_GetDevSpeed                          0x080064c5   Thumb Code    26  stm32f4xx_ll_usb.o(.text.USB_GetDevSpeed)
    USB_GetMode                              0x080064e1   Thumb Code     8  stm32f4xx_ll_usb.o(.text.USB_GetMode)
    USB_ReadDevAllInEpInterrupt              0x080064e9   Thumb Code    14  stm32f4xx_ll_usb.o(.text.USB_ReadDevAllInEpInterrupt)
    USB_ReadDevAllOutEpInterrupt             0x080064f9   Thumb Code    14  stm32f4xx_ll_usb.o(.text.USB_ReadDevAllOutEpInterrupt)
    USB_ReadDevInEPInterrupt                 0x08006509   Thumb Code    36  stm32f4xx_ll_usb.o(.text.USB_ReadDevInEPInterrupt)
    USB_ReadDevOutEPInterrupt                0x0800652d   Thumb Code    16  stm32f4xx_ll_usb.o(.text.USB_ReadDevOutEPInterrupt)
    USB_ReadInterrupts                       0x0800653d   Thumb Code     8  stm32f4xx_ll_usb.o(.text.USB_ReadInterrupts)
    USB_ReadPacket                           0x08006545   Thumb Code    74  stm32f4xx_ll_usb.o(.text.USB_ReadPacket)
    USB_SetCurrentMode                       0x08006591   Thumb Code   100  stm32f4xx_ll_usb.o(.text.USB_SetCurrentMode)
    USB_SetDevAddress                        0x080065f5   Thumb Code    34  stm32f4xx_ll_usb.o(.text.USB_SetDevAddress)
    USB_SetTurnaroundTime                    0x08006619   Thumb Code   272  stm32f4xx_ll_usb.o(.text.USB_SetTurnaroundTime)
    USB_WritePacket                          0x08006729   Thumb Code    58  stm32f4xx_ll_usb.o(.text.USB_WritePacket)
    UsageFault_Handler                       0x08006765   Thumb Code     2  stm32f4xx_it.o(.text.UsageFault_Handler)
    arm_cos_f32                              0x08006769   Thumb Code   160  arm_cos_f32.o(.text.arm_cos_f32)
    arm_sin_f32                              0x08006809   Thumb Code   152  arm_sin_f32.o(.text.arm_sin_f32)
    current_loop                             0x080068a1   Thumb Code   880  motorcontrol.o(.text.current_loop)
    main                                     0x08006c3d   Thumb Code   420  main.o(.text.main)
    speed_loop                               0x08006ded   Thumb Code   180  motorcontrol.o(.text.speed_loop)
    __hardfp_sqrtf                           0x08006ead   Thumb Code    58  sqrtf.o(i.__hardfp_sqrtf)
    __aeabi_d2f                              0x08006ee9   Thumb Code     0  d2f.o(x$fpl$d2f)
    _d2f                                     0x08006ee9   Thumb Code    98  d2f.o(x$fpl$d2f)
    __aeabi_dadd                             0x08006f4d   Thumb Code     0  daddsub_clz.o(x$fpl$dadd)
    _dadd                                    0x08006f4d   Thumb Code   332  daddsub_clz.o(x$fpl$dadd)
    __aeabi_ui2d                             0x0800709d   Thumb Code     0  dflt_clz.o(x$fpl$dfltu)
    _dfltu                                   0x0800709d   Thumb Code    38  dflt_clz.o(x$fpl$dfltu)
    __aeabi_dmul                             0x080070c5   Thumb Code     0  dmul.o(x$fpl$dmul)
    _dmul                                    0x080070c5   Thumb Code   332  dmul.o(x$fpl$dmul)
    __fpl_dnaninf                            0x08007219   Thumb Code   156  dnaninf.o(x$fpl$dnaninf)
    __fpl_dretinf                            0x080072b5   Thumb Code    12  dretinf.o(x$fpl$dretinf)
    __aeabi_dsub                             0x080072c1   Thumb Code     0  daddsub_clz.o(x$fpl$dsub)
    _dsub                                    0x080072c1   Thumb Code   472  daddsub_clz.o(x$fpl$dsub)
    __aeabi_f2d                              0x0800749d   Thumb Code     0  f2d.o(x$fpl$f2d)
    _f2d                                     0x0800749d   Thumb Code    86  f2d.o(x$fpl$f2d)
    __fpl_fnaninf                            0x080074f3   Thumb Code   140  fnaninf.o(x$fpl$fnaninf)
    _fp_init                                 0x0800757f   Thumb Code    26  fpinit.o(x$fpl$fpinit)
    __fplib_config_fpu_vfp                   0x08007597   Thumb Code     0  fpinit.o(x$fpl$fpinit)
    __fplib_config_pureend_doubles           0x08007597   Thumb Code     0  fpinit.o(x$fpl$fpinit)
    __fpl_fretinf                            0x08007599   Thumb Code    10  fretinf.o(x$fpl$fretinf)
    AHBPrescTable                            0x080075a2   Data          16  system_stm32f4xx.o(.rodata.AHBPrescTable)
    __I$use$fp                               0x080075a2   Number         0  usenofp.o(x$fpl$usenofp)
    Ld                                       0x080075b4   Data           4  motorcontrol.o(.rodata.Ld)
    Lq                                       0x080075b8   Data           4  motorcontrol.o(.rodata.Lq)
    R                                        0x080075bc   Data           4  motorcontrol.o(.rodata.R)
    one_div_cycle                            0x080075c8   Data           4  motorcontrol.o(.rodata.one_div_cycle)
    pi                                       0x080075cc   Data           4  motorcontrol.o(.rodata.pi)
    pulse_to_rad                             0x080075d0   Data           4  motorcontrol.o(.rodata.pulse_to_rad)
    sinTable_f32                             0x080075d4   Data        2052  arm_common_tables.o(.rodata.sinTable_f32)
    Region$$Table$$Base                      0x08007dd8   Number         0  anon$$obj.o(Region$$Table)
    Region$$Table$$Limit                     0x08007df8   Number         0  anon$$obj.o(Region$$Table)
    FS_Desc                                  0x20000000   Data          28  usbd_desc.o(.data.FS_Desc)
    SystemCoreClock                          0x2000001c   Data           4  system_stm32f4xx.o(.data.SystemCoreClock)
    USBD_CDC                                 0x20000020   Data          56  usbd_cdc.o(.data.USBD_CDC)
    USBD_FS_DeviceDesc                       0x200000a8   Data          18  usbd_desc.o(.data.USBD_FS_DeviceDesc)
    USBD_Interface_fops_FS                   0x200000bc   Data          20  usbd_cdc_if.o(.data.USBD_Interface_fops_FS)
    USBD_LangIDDesc                          0x200000d0   Data           4  usbd_desc.o(.data.USBD_LangIDDesc)
    USBD_StringSerial                        0x200000d4   Data          26  usbd_desc.o(.data.USBD_StringSerial)
    dc_bus                                   0x200000f0   Data           4  motorcontrol.o(.data.dc_bus)
    len                                      0x20002cb4   Data           1  main.o(.data.len)
    theta_m                                  0x20002cb8   Data           4  motorcontrol.o(.data.theta_m)
    theta_m_pre                              0x20002cbc   Data           4  motorcontrol.o(.data.theta_m_pre)
    uwTickFreq                               0x20002cc0   Data           1  stm32f4xx_hal.o(.data.uwTickFreq)
    uwTickPrio                               0x20002cc4   Data           4  stm32f4xx_hal.o(.data.uwTickPrio)
    vel_fil_pre                              0x20002cc8   Data           4  motorcontrol.o(.data.vel_fil_pre)
    __libspace_start                         0x20002cd0   Data          96  libspace.o(.bss)
    __temporary_stack_top$libspace           0x20002d30   Data           0  libspace.o(.bss)
    USBD_StrDesc                             0x20002d34   Data         512  usbd_desc.o(.bss.USBD_StrDesc)
    UserRxBufferFS                           0x20003154   Data        2048  usbd_cdc_if.o(.bss.UserRxBufferFS)
    UserTxBufferFS                           0x20003954   Data        2048  usbd_cdc_if.o(.bss.UserTxBufferFS)
    cnt                                      0x20004154   Data           4  main.o(.bss.cnt)
    costest                                  0x20004158   Data           4  motorcontrol.o(.bss.costest)
    data_len                                 0x2000415c   Data         400  main.o(.bss.data_len)
    del_pos_sum                              0x200042ec   Data           4  main.o(.bss.del_pos_sum)
    del_theta                                0x200042f0   Data           4  main.o(.bss.del_theta)
    encInstanceA                             0x200042f4   Data          16  main.o(.bss.encInstanceA)
    encPositionA                             0x20004304   Data           2  motorcontrol.o(.bss.encPositionA)
    errorcode                                0x20004306   Data           2  main.o(.bss.errorcode)
    hUsbDeviceFS                             0x20004310   Data         732  usb_device.o(.bss.hUsbDeviceFS)
    hadc1                                    0x200045ec   Data          72  adc.o(.bss.hadc1)
    hdma_adc1                                0x20004638   Data          96  adc.o(.bss.hdma_adc1)
    hpcd_USB_OTG_FS                          0x20004698   Data        1292  usbd_conf.o(.bss.hpcd_USB_OTG_FS)
    hspi3                                    0x20004ba4   Data          88  spi.o(.bss.hspi3)
    htim1                                    0x20004bfc   Data          72  tim.o(.bss.htim1)
    ia                                       0x20004c44   Data           4  motorcontrol.o(.bss.ia)
    ia_carli                                 0x20004c48   Data           4  motorcontrol.o(.bss.ia_carli)
    ia_carli_u32                             0x20004c4c   Data           4  motorcontrol.o(.bss.ia_carli_u32)
    ia_u32                                   0x20004c50   Data           4  motorcontrol.o(.bss.ia_u32)
    ib                                       0x20004c54   Data           4  motorcontrol.o(.bss.ib)
    ib_carli                                 0x20004c58   Data           4  motorcontrol.o(.bss.ib_carli)
    ib_carli_u32                             0x20004c5c   Data           4  motorcontrol.o(.bss.ib_carli_u32)
    ib_u32                                   0x20004c60   Data           4  motorcontrol.o(.bss.ib_u32)
    ic                                       0x20004c64   Data           4  motorcontrol.o(.bss.ic)
    ic_carli                                 0x20004c68   Data           4  motorcontrol.o(.bss.ic_carli)
    ic_carli_u32                             0x20004c6c   Data           4  motorcontrol.o(.bss.ic_carli_u32)
    ic_u32                                   0x20004c70   Data           4  motorcontrol.o(.bss.ic_u32)
    id                                       0x20004c74   Data           4  motorcontrol.o(.bss.id)
    id_pre                                   0x20004c78   Data           4  motorcontrol.o(.bss.id_pre)
    id_ref                                   0x20004c7c   Data           4  motorcontrol.o(.bss.id_ref)
    index_pos                                0x20004c80   Data           4  main.o(.bss.index_pos)
    integ_d                                  0x20004c84   Data           4  motorcontrol.o(.bss.integ_d)
    integ_q                                  0x20004c88   Data           4  motorcontrol.o(.bss.integ_q)
    integ_vel                                0x20004c8c   Data           4  motorcontrol.o(.bss.integ_vel)
    iq                                       0x20004c90   Data           4  motorcontrol.o(.bss.iq)
    iq_pre                                   0x20004c94   Data           4  motorcontrol.o(.bss.iq_pre)
    iq_ref                                   0x20004c98   Data           4  motorcontrol.o(.bss.iq_ref)
    is_still                                 0x20004c9c   Data           1  main.o(.bss.is_still)
    ki_d                                     0x20004ca0   Data           4  motorcontrol.o(.bss.ki_d)
    ki_q                                     0x20004ca4   Data           4  motorcontrol.o(.bss.ki_q)
    ki_vel                                   0x20004ca8   Data           4  motorcontrol.o(.bss.ki_vel)
    kp_d                                     0x20004cac   Data           4  motorcontrol.o(.bss.kp_d)
    kp_pos                                   0x20004cb0   Data           4  motorcontrol.o(.bss.kp_pos)
    kp_q                                     0x20004cb4   Data           4  motorcontrol.o(.bss.kp_q)
    kp_vel                                   0x20004cb8   Data           4  motorcontrol.o(.bss.kp_vel)
    pos_ref                                  0x20004cbc   Data           4  motorcontrol.o(.bss.pos_ref)
    scalefactor                              0x20004cc0   Data           4  motorcontrol.o(.bss.scalefactor)
    sintest                                  0x20004cc4   Data           4  motorcontrol.o(.bss.sintest)
    state                                    0x20004cc8   Data           1  main.o(.bss.state)
    still_time                               0x20004ccc   Data           4  main.o(.bss.still_time)
    theta_e                                  0x20004cd0   Data           4  motorcontrol.o(.bss.theta_e)
    tmp                                      0x20004cd4   Data           4  main.o(.bss.tmp)
    tmp_1                                    0x20004cd8   Data           4  main.o(.bss.tmp_1)
    tmp_2                                    0x20004cdc   Data           4  main.o(.bss.tmp_2)
    ud                                       0x20004ce0   Data           4  motorcontrol.o(.bss.ud)
    ud_mod                                   0x20004ce4   Data           4  motorcontrol.o(.bss.ud_mod)
    uq                                       0x20004ce8   Data           4  motorcontrol.o(.bss.uq)
    uq_mod                                   0x20004cec   Data           4  motorcontrol.o(.bss.uq_mod)
    uwTick                                   0x20004cf0   Data           4  stm32f4xx_hal.o(.bss.uwTick)
    vel_fil                                  0x20004cf4   Data           4  motorcontrol.o(.bss.vel_fil)
    vel_m                                    0x20004cf8   Data           4  motorcontrol.o(.bss.vel_m)
    vel_ref                                  0x20004cfc   Data           4  motorcontrol.o(.bss.vel_ref)
    vofa_tail                                0x20004d00   Data           4  main.o(.bss.vofa_tail)



==============================================================================

Memory Map of the image

  Image Entry point : 0x08000189

  Load Region LR_IROM1 (Base: 0x08000000, Size: 0x0000aac8, Max: 0x00100000, ABSOLUTE, COMPRESSED[0x00008358])

    Execution Region ER_IROM1 (Exec base: 0x08000000, Load base: 0x08000000, Size: 0x00007df8, Max: 0x00100000, ABSOLUTE)

    Exec Addr    Load Addr    Size         Type   Attr      Idx    E Section Name        Object

    0x08000000   0x08000000   0x00000188   Data   RO            3    RESET               startup_stm32f405xx.o
    0x08000188   0x08000188   0x00000008   Code   RO         1857  * !!!main             c_w.l(__main.o)
    0x08000190   0x08000190   0x0000005c   Code   RO         2074    !!!scatter          c_w.l(__scatter.o)
    0x080001ec   0x080001ec   0x0000005a   Code   RO         2072    !!dczerorl2         c_w.l(__dczerorl2.o)
    0x08000246   0x08000246   0x00000002   PAD
    0x08000248   0x08000248   0x00000002   Code   RO         2075    !!handler_null      c_w.l(__scatter.o)
    0x0800024a   0x0800024a   0x00000002   PAD
    0x0800024c   0x0800024c   0x0000001c   Code   RO         2078    !!handler_zi        c_w.l(__scatter_zi.o)
    0x08000268   0x08000268   0x00000002   Code   RO         1937    .ARM.Collect$$libinit$$00000000  c_w.l(libinit.o)
    0x0800026a   0x0800026a   0x00000004   Code   RO         1946    .ARM.Collect$$libinit$$00000001  c_w.l(libinit2.o)
    0x0800026e   0x0800026e   0x00000000   Code   RO         1949    .ARM.Collect$$libinit$$00000004  c_w.l(libinit2.o)
    0x0800026e   0x0800026e   0x00000000   Code   RO         1951    .ARM.Collect$$libinit$$00000006  c_w.l(libinit2.o)
    0x0800026e   0x0800026e   0x00000000   Code   RO         1954    .ARM.Collect$$libinit$$0000000C  c_w.l(libinit2.o)
    0x0800026e   0x0800026e   0x00000000   Code   RO         1956    .ARM.Collect$$libinit$$0000000E  c_w.l(libinit2.o)
    0x0800026e   0x0800026e   0x00000000   Code   RO         1958    .ARM.Collect$$libinit$$00000010  c_w.l(libinit2.o)
    0x0800026e   0x0800026e   0x00000000   Code   RO         1961    .ARM.Collect$$libinit$$00000013  c_w.l(libinit2.o)
    0x0800026e   0x0800026e   0x00000000   Code   RO         1963    .ARM.Collect$$libinit$$00000015  c_w.l(libinit2.o)
    0x0800026e   0x0800026e   0x00000000   Code   RO         1965    .ARM.Collect$$libinit$$00000017  c_w.l(libinit2.o)
    0x0800026e   0x0800026e   0x00000000   Code   RO         1967    .ARM.Collect$$libinit$$00000019  c_w.l(libinit2.o)
    0x0800026e   0x0800026e   0x00000000   Code   RO         1969    .ARM.Collect$$libinit$$0000001B  c_w.l(libinit2.o)
    0x0800026e   0x0800026e   0x00000000   Code   RO         1971    .ARM.Collect$$libinit$$0000001D  c_w.l(libinit2.o)
    0x0800026e   0x0800026e   0x00000000   Code   RO         1973    .ARM.Collect$$libinit$$0000001F  c_w.l(libinit2.o)
    0x0800026e   0x0800026e   0x00000000   Code   RO         1975    .ARM.Collect$$libinit$$00000021  c_w.l(libinit2.o)
    0x0800026e   0x0800026e   0x00000000   Code   RO         1977    .ARM.Collect$$libinit$$00000023  c_w.l(libinit2.o)
    0x0800026e   0x0800026e   0x00000000   Code   RO         1979    .ARM.Collect$$libinit$$00000025  c_w.l(libinit2.o)
    0x0800026e   0x0800026e   0x00000000   Code   RO         1981    .ARM.Collect$$libinit$$00000027  c_w.l(libinit2.o)
    0x0800026e   0x0800026e   0x00000000   Code   RO         1985    .ARM.Collect$$libinit$$0000002E  c_w.l(libinit2.o)
    0x0800026e   0x0800026e   0x00000000   Code   RO         1987    .ARM.Collect$$libinit$$00000030  c_w.l(libinit2.o)
    0x0800026e   0x0800026e   0x00000000   Code   RO         1989    .ARM.Collect$$libinit$$00000032  c_w.l(libinit2.o)
    0x0800026e   0x0800026e   0x00000000   Code   RO         1991    .ARM.Collect$$libinit$$00000034  c_w.l(libinit2.o)
    0x0800026e   0x0800026e   0x00000002   Code   RO         1992    .ARM.Collect$$libinit$$00000035  c_w.l(libinit2.o)
    0x08000270   0x08000270   0x00000002   Code   RO         2027    .ARM.Collect$$libshutdown$$00000000  c_w.l(libshutdown.o)
    0x08000272   0x08000272   0x00000000   Code   RO         2055    .ARM.Collect$$libshutdown$$00000002  c_w.l(libshutdown2.o)
    0x08000272   0x08000272   0x00000000   Code   RO         2057    .ARM.Collect$$libshutdown$$00000004  c_w.l(libshutdown2.o)
    0x08000272   0x08000272   0x00000000   Code   RO         2060    .ARM.Collect$$libshutdown$$00000007  c_w.l(libshutdown2.o)
    0x08000272   0x08000272   0x00000000   Code   RO         2063    .ARM.Collect$$libshutdown$$0000000A  c_w.l(libshutdown2.o)
    0x08000272   0x08000272   0x00000000   Code   RO         2065    .ARM.Collect$$libshutdown$$0000000C  c_w.l(libshutdown2.o)
    0x08000272   0x08000272   0x00000000   Code   RO         2068    .ARM.Collect$$libshutdown$$0000000F  c_w.l(libshutdown2.o)
    0x08000272   0x08000272   0x00000002   Code   RO         2069    .ARM.Collect$$libshutdown$$00000010  c_w.l(libshutdown2.o)
    0x08000274   0x08000274   0x00000000   Code   RO         1883    .ARM.Collect$$rtentry$$00000000  c_w.l(__rtentry.o)
    0x08000274   0x08000274   0x00000000   Code   RO         1900    .ARM.Collect$$rtentry$$00000002  c_w.l(__rtentry2.o)
    0x08000274   0x08000274   0x00000006   Code   RO         1912    .ARM.Collect$$rtentry$$00000004  c_w.l(__rtentry4.o)
    0x0800027a   0x0800027a   0x00000000   Code   RO         1902    .ARM.Collect$$rtentry$$00000009  c_w.l(__rtentry2.o)
    0x0800027a   0x0800027a   0x00000004   Code   RO         1903    .ARM.Collect$$rtentry$$0000000A  c_w.l(__rtentry2.o)
    0x0800027e   0x0800027e   0x00000000   Code   RO         1905    .ARM.Collect$$rtentry$$0000000C  c_w.l(__rtentry2.o)
    0x0800027e   0x0800027e   0x00000008   Code   RO         1906    .ARM.Collect$$rtentry$$0000000D  c_w.l(__rtentry2.o)
    0x08000286   0x08000286   0x00000002   Code   RO         1938    .ARM.Collect$$rtexit$$00000000  c_w.l(rtexit.o)
    0x08000288   0x08000288   0x00000000   Code   RO         1998    .ARM.Collect$$rtexit$$00000002  c_w.l(rtexit2.o)
    0x08000288   0x08000288   0x00000004   Code   RO         1999    .ARM.Collect$$rtexit$$00000003  c_w.l(rtexit2.o)
    0x0800028c   0x0800028c   0x00000006   Code   RO         2000    .ARM.Collect$$rtexit$$00000004  c_w.l(rtexit2.o)
    0x08000292   0x08000292   0x00000002   PAD
    0x08000294   0x08000294   0x00000040   Code   RO            4    .text               startup_stm32f405xx.o
    0x080002d4   0x080002d4   0x000000f0   Code   RO         1851    .text               c_w.l(lludivv7m.o)
    0x080003c4   0x080003c4   0x0000004e   Code   RO         1853    .text               c_w.l(rt_memclr_w.o)
    0x08000412   0x08000412   0x00000006   Code   RO         1855    .text               c_w.l(heapauxi.o)
    0x08000418   0x08000418   0x00000016   Code   RO         1888    .text               c_w.l(_rserrno.o)
    0x0800042e   0x0800042e   0x00000002   PAD
    0x08000430   0x08000430   0x00000008   Code   RO         1919    .text               c_w.l(rt_errno_addr_intlibspace.o)
    0x08000438   0x08000438   0x00000008   Code   RO         1921    .text               c_w.l(libspace.o)
    0x08000440   0x08000440   0x0000004a   Code   RO         1924    .text               c_w.l(sys_stackheap_outer.o)
    0x0800048a   0x0800048a   0x00000012   Code   RO         1926    .text               c_w.l(exit.o)
    0x0800049c   0x0800049c   0x0000000c   Code   RO         1993    .text               c_w.l(sys_exit.o)
    0x080004a8   0x080004a8   0x00000002   Code   RO         2016    .text               c_w.l(use_no_semi.o)
    0x080004aa   0x080004aa   0x00000000   Code   RO         2018    .text               c_w.l(indicate_semi.o)
    0x080004aa   0x080004aa   0x00000002   PAD
    0x080004ac   0x080004ac   0x0000000c   Code   RO          316    .text.ADC_IRQHandler  stm32f4xx_it.o
    0x080004b8   0x080004b8   0x0000000a   Code   RO          114    .text.AS5047P_ErrorPending  as5047p.o
    0x080004c2   0x080004c2   0x00000002   PAD
    0x080004c4   0x080004c4   0x0000000a   Code   RO          116    .text.AS5047P_GetError  as5047p.o
    0x080004ce   0x080004ce   0x00000002   PAD
    0x080004d0   0x080004d0   0x00000004   Code   RO          148    .text.AS5047P_HAL_Delay_ms  as5047p_hal.o
    0x080004d4   0x080004d4   0x0000004c   Code   RO          152    .text.AS5047P_HAL_Init  as5047p_hal.o
    0x08000520   0x08000520   0x000000bc   Code   RO          154    .text.AS5047P_HAL_SPI_Transaction  as5047p_hal.o
    0x080005dc   0x080005dc   0x0000007e   Code   RO          110    .text.AS5047P_Init  as5047p.o
    0x0800065a   0x0800065a   0x00000002   PAD
    0x0800065c   0x0800065c   0x00000292   Code   RO          122    .text.AS5047P_ReadPosition  as5047p.o
    0x080008ee   0x080008ee   0x00000002   PAD
    0x080008f0   0x080008f0   0x000001a6   Code   RO          106    .text.AS5047P_ReadRegister  as5047p.o
    0x08000a96   0x08000a96   0x00000002   PAD
    0x08000a98   0x08000a98   0x000000c6   Code   RO          104    .text.AS5047P_ReadWriteRaw  as5047p.o
    0x08000b5e   0x08000b5e   0x00000002   PAD
    0x08000b60   0x08000b60   0x00000002   Code   RO          304    .text.BusFault_Handler  stm32f4xx_it.o
    0x08000b62   0x08000b62   0x00000002   PAD
    0x08000b64   0x08000b64   0x00000004   Code   RO         1504    .text.CDC_Control_FS  usbd_cdc_if.o
    0x08000b68   0x08000b68   0x00000004   Code   RO         1502    .text.CDC_DeInit_FS  usbd_cdc_if.o
    0x08000b6c   0x08000b6c   0x0000002c   Code   RO         1500    .text.CDC_Init_FS   usbd_cdc_if.o
    0x08000b98   0x08000b98   0x0000001c   Code   RO         1506    .text.CDC_Receive_FS  usbd_cdc_if.o
    0x08000bb4   0x08000bb4   0x00000004   Code   RO         1508    .text.CDC_TransmitCplt_FS  usbd_cdc_if.o
    0x08000bb8   0x08000bb8   0x00000036   Code   RO         1510    .text.CDC_Transmit_FS  usbd_cdc_if.o
    0x08000bee   0x08000bee   0x00000002   PAD
    0x08000bf0   0x08000bf0   0x00000168   Code   RO           15    .text.Clark_Park_Tf  motorcontrol.o
    0x08000d58   0x08000d58   0x0000000c   Code   RO          320    .text.DMA2_Stream0_IRQHandler  stm32f4xx_it.o
    0x08000d64   0x08000d64   0x00000002   Code   RO          310    .text.DebugMon_Handler  stm32f4xx_it.o
    0x08000d66   0x08000d66   0x00000002   PAD
    0x08000d68   0x08000d68   0x0000000a   Code   RO          171    .text.Error_Handler  main.o
    0x08000d72   0x08000d72   0x00000002   PAD
    0x08000d74   0x08000d74   0x00000152   Code   RO         1001    .text.HAL_ADCEx_InjectedConfigChannel  stm32f4xx_hal_adc_ex.o
    0x08000ec6   0x08000ec6   0x00000002   PAD
    0x08000ec8   0x08000ec8   0x0000054c   Code   RO          173    .text.HAL_ADCEx_InjectedConvCpltCallback  main.o
    0x08001414   0x08001414   0x00000032   Code   RO          985    .text.HAL_ADCEx_InjectedGetValue  stm32f4xx_hal_adc_ex.o
    0x08001446   0x08001446   0x00000002   PAD
    0x08001448   0x08001448   0x000000ee   Code   RO          977    .text.HAL_ADCEx_InjectedStart_IT  stm32f4xx_hal_adc_ex.o
    0x08001536   0x08001536   0x00000002   PAD
    0x08001538   0x08001538   0x00000106   Code   RO          959    .text.HAL_ADC_ConfigChannel  stm32f4xx_hal_adc.o
    0x0800163e   0x0800163e   0x00000002   PAD
    0x08001640   0x08001640   0x00000002   Code   RO          939    .text.HAL_ADC_ConvCpltCallback  stm32f4xx_hal_adc.o
    0x08001642   0x08001642   0x00000002   PAD
    0x08001644   0x08001644   0x00000002   Code   RO          943    .text.HAL_ADC_ErrorCallback  stm32f4xx_hal_adc.o
    0x08001646   0x08001646   0x00000002   PAD
    0x08001648   0x08001648   0x00000134   Code   RO          937    .text.HAL_ADC_IRQHandler  stm32f4xx_hal_adc.o
    0x0800177c   0x0800177c   0x0000014c   Code   RO          917    .text.HAL_ADC_Init  stm32f4xx_hal_adc.o
    0x080018c8   0x080018c8   0x00000002   Code   RO          941    .text.HAL_ADC_LevelOutOfWindowCallback  stm32f4xx_hal_adc.o
    0x080018ca   0x080018ca   0x00000002   PAD
    0x080018cc   0x080018cc   0x000000f0   Code   RO          227    .text.HAL_ADC_MspInit  adc.o
    0x080019bc   0x080019bc   0x0000018a   Code   RO          699    .text.HAL_DMA_IRQHandler  stm32f4xx_hal_dma.o
    0x08001b46   0x08001b46   0x00000002   PAD
    0x08001b48   0x08001b48   0x0000013e   Code   RO          685    .text.HAL_DMA_Init  stm32f4xx_hal_dma.o
    0x08001c86   0x08001c86   0x00000002   PAD
    0x08001c88   0x08001c88   0x00000028   Code   RO          846    .text.HAL_Delay     stm32f4xx_hal.o
    0x08001cb0   0x08001cb0   0x00000198   Code   RO          647    .text.HAL_GPIO_Init  stm32f4xx_hal_gpio.o
    0x08001e48   0x08001e48   0x0000000a   Code   RO          653    .text.HAL_GPIO_WritePin  stm32f4xx_hal_gpio.o
    0x08001e52   0x08001e52   0x00000002   PAD
    0x08001e54   0x08001e54   0x0000000c   Code   RO          838    .text.HAL_GetTick   stm32f4xx_hal.o
    0x08001e60   0x08001e60   0x0000001a   Code   RO          836    .text.HAL_IncTick   stm32f4xx_hal.o
    0x08001e7a   0x08001e7a   0x00000002   PAD
    0x08001e7c   0x08001e7c   0x00000036   Code   RO          826    .text.HAL_Init      stm32f4xx_hal.o
    0x08001eb2   0x08001eb2   0x00000002   PAD
    0x08001eb4   0x08001eb4   0x00000050   Code   RO          828    .text.HAL_InitTick  stm32f4xx_hal.o
    0x08001f04   0x08001f04   0x00000038   Code   RO          331    .text.HAL_MspInit   stm32f4xx_hal_msp.o
    0x08001f3c   0x08001f3c   0x00000020   Code   RO          784    .text.HAL_NVIC_EnableIRQ  stm32f4xx_hal_cortex.o
    0x08001f5c   0x08001f5c   0x00000056   Code   RO          782    .text.HAL_NVIC_SetPriority  stm32f4xx_hal_cortex.o
    0x08001fb2   0x08001fb2   0x00000002   PAD
    0x08001fb4   0x08001fb4   0x00000020   Code   RO          780    .text.HAL_NVIC_SetPriorityGrouping  stm32f4xx_hal_cortex.o
    0x08001fd4   0x08001fd4   0x00000002   Code   RO          421    .text.HAL_PCDEx_LPM_Callback  stm32f4xx_hal_pcd_ex.o
    0x08001fd6   0x08001fd6   0x00000002   PAD
    0x08001fd8   0x08001fd8   0x00000008   Code   RO          419    .text.HAL_PCDEx_SetRxFiFo  stm32f4xx_hal_pcd_ex.o
    0x08001fe0   0x08001fe0   0x0000004e   Code   RO          417    .text.HAL_PCDEx_SetTxFiFo  stm32f4xx_hal_pcd_ex.o
    0x0800202e   0x0800202e   0x00000002   PAD
    0x08002030   0x08002030   0x00000008   Code   RO         1545    .text.HAL_PCD_ConnectCallback  usbd_conf.o
    0x08002038   0x08002038   0x00000014   Code   RO         1531    .text.HAL_PCD_DataInStageCallback  usbd_conf.o
    0x0800204c   0x0800204c   0x00000016   Code   RO         1529    .text.HAL_PCD_DataOutStageCallback  usbd_conf.o
    0x08002062   0x08002062   0x00000002   PAD
    0x08002064   0x08002064   0x00000008   Code   RO         1547    .text.HAL_PCD_DisconnectCallback  usbd_conf.o
    0x0800206c   0x0800206c   0x00000050   Code   RO          387    .text.HAL_PCD_EP_Close  stm32f4xx_hal_pcd.o
    0x080020bc   0x080020bc   0x00000066   Code   RO          397    .text.HAL_PCD_EP_ClrStall  stm32f4xx_hal_pcd.o
    0x08002122   0x08002122   0x00000002   PAD
    0x08002124   0x08002124   0x00000012   Code   RO          391    .text.HAL_PCD_EP_GetRxCount  stm32f4xx_hal_pcd.o
    0x08002136   0x08002136   0x00000002   PAD
    0x08002138   0x08002138   0x00000068   Code   RO          385    .text.HAL_PCD_EP_Open  stm32f4xx_hal_pcd.o
    0x080021a0   0x080021a0   0x0000004c   Code   RO          389    .text.HAL_PCD_EP_Receive  stm32f4xx_hal_pcd.o
    0x080021ec   0x080021ec   0x00000072   Code   RO          395    .text.HAL_PCD_EP_SetStall  stm32f4xx_hal_pcd.o
    0x0800225e   0x0800225e   0x00000002   PAD
    0x08002260   0x08002260   0x00000044   Code   RO          393    .text.HAL_PCD_EP_Transmit  stm32f4xx_hal_pcd.o
    0x080022a4   0x080022a4   0x000007c6   Code   RO          351    .text.HAL_PCD_IRQHandler  stm32f4xx_hal_pcd.o
    0x08002a6a   0x08002a6a   0x00000002   PAD
    0x08002a6c   0x08002a6c   0x00000008   Code   RO         1543    .text.HAL_PCD_ISOINIncompleteCallback  usbd_conf.o
    0x08002a74   0x08002a74   0x00000008   Code   RO         1541    .text.HAL_PCD_ISOOUTIncompleteCallback  usbd_conf.o
    0x08002a7c   0x08002a7c   0x00000136   Code   RO          339    .text.HAL_PCD_Init  stm32f4xx_hal_pcd.o
    0x08002bb2   0x08002bb2   0x00000002   PAD
    0x08002bb4   0x08002bb4   0x00000088   Code   RO         1523    .text.HAL_PCD_MspInit  usbd_conf.o
    0x08002c3c   0x08002c3c   0x0000002a   Code   RO         1535    .text.HAL_PCD_ResetCallback  usbd_conf.o
    0x08002c66   0x08002c66   0x00000002   PAD
    0x08002c68   0x08002c68   0x00000008   Code   RO         1539    .text.HAL_PCD_ResumeCallback  usbd_conf.o
    0x08002c70   0x08002c70   0x00000008   Code   RO         1533    .text.HAL_PCD_SOFCallback  usbd_conf.o
    0x08002c78   0x08002c78   0x00000028   Code   RO          383    .text.HAL_PCD_SetAddress  stm32f4xx_hal_pcd.o
    0x08002ca0   0x08002ca0   0x0000000e   Code   RO         1527    .text.HAL_PCD_SetupStageCallback  usbd_conf.o
    0x08002cae   0x08002cae   0x00000002   PAD
    0x08002cb0   0x08002cb0   0x0000003e   Code   RO          347    .text.HAL_PCD_Start  stm32f4xx_hal_pcd.o
    0x08002cee   0x08002cee   0x00000002   PAD
    0x08002cf0   0x08002cf0   0x00000034   Code   RO         1537    .text.HAL_PCD_SuspendCallback  usbd_conf.o
    0x08002d24   0x08002d24   0x00000002   Code   RO          563    .text.HAL_RCC_CSSCallback  stm32f4xx_hal_rcc.o
    0x08002d26   0x08002d26   0x00000002   PAD
    0x08002d28   0x08002d28   0x00000160   Code   RO          541    .text.HAL_RCC_ClockConfig  stm32f4xx_hal_rcc.o
    0x08002e88   0x08002e88   0x0000000c   Code   RO          547    .text.HAL_RCC_EnableCSS  stm32f4xx_hal_rcc.o
    0x08002e94   0x08002e94   0x0000000c   Code   RO          551    .text.HAL_RCC_GetHCLKFreq  stm32f4xx_hal_rcc.o
    0x08002ea0   0x08002ea0   0x0000006a   Code   RO          543    .text.HAL_RCC_GetSysClockFreq  stm32f4xx_hal_rcc.o
    0x08002f0a   0x08002f0a   0x00000002   PAD
    0x08002f0c   0x08002f0c   0x0000001c   Code   RO          561    .text.HAL_RCC_NMI_IRQHandler  stm32f4xx_hal_rcc.o
    0x08002f28   0x08002f28   0x00000354   Code   RO          539    .text.HAL_RCC_OscConfig  stm32f4xx_hal_rcc.o
    0x0800327c   0x0800327c   0x000000b4   Code   RO         1014    .text.HAL_SPI_Init  stm32f4xx_hal_spi.o
    0x08003330   0x08003330   0x00000074   Code   RO          268    .text.HAL_SPI_MspInit  spi.o
    0x080033a4   0x080033a4   0x00000224   Code   RO         1026    .text.HAL_SPI_TransmitReceive  stm32f4xx_hal_spi.o
    0x080035c8   0x080035c8   0x0000002c   Code   RO          792    .text.HAL_SYSTICK_Config  stm32f4xx_hal_cortex.o
    0x080035f4   0x080035f4   0x00000002   Code   RO         1435    .text.HAL_TIMEx_BreakCallback  stm32f4xx_hal_tim_ex.o
    0x080035f6   0x080035f6   0x00000002   PAD
    0x080035f8   0x080035f8   0x00000002   Code   RO         1431    .text.HAL_TIMEx_CommutCallback  stm32f4xx_hal_tim_ex.o
    0x080035fa   0x080035fa   0x00000002   PAD
    0x080035fc   0x080035fc   0x00000050   Code   RO         1427    .text.HAL_TIMEx_ConfigBreakDeadTime  stm32f4xx_hal_tim_ex.o
    0x0800364c   0x0800364c   0x000000bc   Code   RO         1425    .text.HAL_TIMEx_MasterConfigSynchronization  stm32f4xx_hal_tim_ex.o
    0x08003708   0x08003708   0x000000f2   Code   RO         1395    .text.HAL_TIMEx_PWMN_Start  stm32f4xx_hal_tim_ex.o
    0x080037fa   0x080037fa   0x00000002   PAD
    0x080037fc   0x080037fc   0x0000005a   Code   RO         1130    .text.HAL_TIM_Base_Init  stm32f4xx_hal_tim.o
    0x08003856   0x08003856   0x00000002   PAD
    0x08003858   0x08003858   0x00000046   Code   RO          285    .text.HAL_TIM_Base_MspInit  tim.o
    0x0800389e   0x0800389e   0x00000002   PAD
    0x080038a0   0x080038a0   0x000000a0   Code   RO         1140    .text.HAL_TIM_Base_Start  stm32f4xx_hal_tim.o
    0x08003940   0x08003940   0x000001a2   Code   RO         1310    .text.HAL_TIM_ConfigClockSource  stm32f4xx_hal_tim.o
    0x08003ae2   0x08003ae2   0x00000002   PAD
    0x08003ae4   0x08003ae4   0x00000002   Code   RO         1266    .text.HAL_TIM_IC_CaptureCallback  stm32f4xx_hal_tim.o
    0x08003ae6   0x08003ae6   0x00000002   PAD
    0x08003ae8   0x08003ae8   0x0000016a   Code   RO         1264    .text.HAL_TIM_IRQHandler  stm32f4xx_hal_tim.o
    0x08003c52   0x08003c52   0x00000002   PAD
    0x08003c54   0x08003c54   0x00000002   Code   RO         1268    .text.HAL_TIM_OC_DelayElapsedCallback  stm32f4xx_hal_tim.o
    0x08003c56   0x08003c56   0x00000002   PAD
    0x08003c58   0x08003c58   0x00000216   Code   RO         1284    .text.HAL_TIM_PWM_ConfigChannel  stm32f4xx_hal_tim.o
    0x08003e6e   0x08003e6e   0x00000002   PAD
    0x08003e70   0x08003e70   0x0000005a   Code   RO         1184    .text.HAL_TIM_PWM_Init  stm32f4xx_hal_tim.o
    0x08003eca   0x08003eca   0x00000002   PAD
    0x08003ecc   0x08003ecc   0x00000002   Code   RO         1186    .text.HAL_TIM_PWM_MspInit  stm32f4xx_hal_tim.o
    0x08003ece   0x08003ece   0x00000002   PAD
    0x08003ed0   0x08003ed0   0x00000002   Code   RO         1270    .text.HAL_TIM_PWM_PulseFinishedCallback  stm32f4xx_hal_tim.o
    0x08003ed2   0x08003ed2   0x00000002   PAD
    0x08003ed4   0x08003ed4   0x00000122   Code   RO         1192    .text.HAL_TIM_PWM_Start  stm32f4xx_hal_tim.o
    0x08003ff6   0x08003ff6   0x00000002   PAD
    0x08003ff8   0x08003ff8   0x00000002   Code   RO         1272    .text.HAL_TIM_PeriodElapsedCallback  stm32f4xx_hal_tim.o
    0x08003ffa   0x08003ffa   0x00000002   PAD
    0x08003ffc   0x08003ffc   0x00000002   Code   RO         1274    .text.HAL_TIM_TriggerCallback  stm32f4xx_hal_tim.o
    0x08003ffe   0x08003ffe   0x00000002   PAD
    0x08004000   0x08004000   0x00000002   Code   RO          300    .text.HardFault_Handler  stm32f4xx_it.o
    0x08004002   0x08004002   0x00000002   PAD
    0x08004004   0x08004004   0x00000170   Code   RO          225    .text.MX_ADC1_Init  adc.o
    0x08004174   0x08004174   0x00000038   Code   RO          257    .text.MX_DMA_Init   dma.o
    0x080041ac   0x080041ac   0x000000ba   Code   RO          216    .text.MX_GPIO_Init  gpio.o
    0x08004266   0x08004266   0x00000002   PAD
    0x08004268   0x08004268   0x0000004e   Code   RO          266    .text.MX_SPI3_Init  spi.o
    0x080042b6   0x080042b6   0x00000002   PAD
    0x080042b8   0x080042b8   0x000001be   Code   RO          281    .text.MX_TIM1_Init  tim.o
    0x08004476   0x08004476   0x00000002   PAD
    0x08004478   0x08004478   0x00000072   Code   RO         1464    .text.MX_USB_DEVICE_Init  usb_device.o
    0x080044ea   0x080044ea   0x00000002   PAD
    0x080044ec   0x080044ec   0x00000002   Code   RO          302    .text.MemManage_Handler  stm32f4xx_it.o
    0x080044ee   0x080044ee   0x00000002   PAD
    0x080044f0   0x080044f0   0x00000006   Code   RO          298    .text.NMI_Handler   stm32f4xx_it.o
    0x080044f6   0x080044f6   0x00000002   PAD
    0x080044f8   0x080044f8   0x0000000c   Code   RO          322    .text.OTG_FS_IRQHandler  stm32f4xx_it.o
    0x08004504   0x08004504   0x00000002   Code   RO          312    .text.PendSV_Handler  stm32f4xx_it.o
    0x08004506   0x08004506   0x00000002   PAD
    0x08004508   0x08004508   0x000000ce   Code   RO         1120    .text.SPI_WaitFlagStateUntilTimeout  stm32f4xx_hal_spi.o
    0x080045d6   0x080045d6   0x00000002   PAD
    0x080045d8   0x080045d8   0x00000002   Code   RO          308    .text.SVC_Handler   stm32f4xx_it.o
    0x080045da   0x080045da   0x00000002   PAD
    0x080045dc   0x080045dc   0x00000250   Code   RO           11    .text.SVPWM         motorcontrol.o
    0x0800482c   0x0800482c   0x00000004   Code   RO          314    .text.SysTick_Handler  stm32f4xx_it.o
    0x08004830   0x08004830   0x000000b6   Code   RO          169    .text.SystemClock_Config  main.o
    0x080048e6   0x080048e6   0x00000002   PAD
    0x080048e8   0x080048e8   0x00000012   Code   RO         1449    .text.SystemInit    system_stm32f4xx.o
    0x080048fa   0x080048fa   0x00000002   PAD
    0x080048fc   0x080048fc   0x0000000c   Code   RO          318    .text.TIM1_UP_TIM10_IRQHandler  stm32f4xx_it.o
    0x08004908   0x08004908   0x00000124   Code   RO         1134    .text.TIM_Base_SetConfig  stm32f4xx_hal_tim.o
    0x08004a2c   0x08004a2c   0x00000078   Code   RO         1702    .text.USBD_CDC_DataIn  usbd_cdc.o
    0x08004aa4   0x08004aa4   0x0000003c   Code   RO         1704    .text.USBD_CDC_DataOut  usbd_cdc.o
    0x08004ae0   0x08004ae0   0x0000005a   Code   RO         1696    .text.USBD_CDC_DeInit  usbd_cdc.o
    0x08004b3a   0x08004b3a   0x00000002   PAD
    0x08004b3c   0x08004b3c   0x00000036   Code   RO         1700    .text.USBD_CDC_EP0_RxReady  usbd_cdc.o
    0x08004b72   0x08004b72   0x00000002   PAD
    0x08004b74   0x08004b74   0x00000010   Code   RO         1712    .text.USBD_CDC_GetDeviceQualifierDescriptor  usbd_cdc.o
    0x08004b84   0x08004b84   0x00000052   Code   RO         1708    .text.USBD_CDC_GetFSCfgDesc  usbd_cdc.o
    0x08004bd6   0x08004bd6   0x00000002   PAD
    0x08004bd8   0x08004bd8   0x00000056   Code   RO         1706    .text.USBD_CDC_GetHSCfgDesc  usbd_cdc.o
    0x08004c2e   0x08004c2e   0x00000002   PAD
    0x08004c30   0x08004c30   0x00000052   Code   RO         1710    .text.USBD_CDC_GetOtherSpeedCfgDesc  usbd_cdc.o
    0x08004c82   0x08004c82   0x00000002   PAD
    0x08004c84   0x08004c84   0x000000c8   Code   RO         1694    .text.USBD_CDC_Init  usbd_cdc.o
    0x08004d4c   0x08004d4c   0x00000034   Code   RO         1722    .text.USBD_CDC_ReceivePacket  usbd_cdc.o
    0x08004d80   0x08004d80   0x00000018   Code   RO         1714    .text.USBD_CDC_RegisterInterface  usbd_cdc.o
    0x08004d98   0x08004d98   0x0000001a   Code   RO         1718    .text.USBD_CDC_SetRxBuffer  usbd_cdc.o
    0x08004db2   0x08004db2   0x00000002   PAD
    0x08004db4   0x08004db4   0x0000001e   Code   RO         1716    .text.USBD_CDC_SetTxBuffer  usbd_cdc.o
    0x08004dd2   0x08004dd2   0x00000002   PAD
    0x08004dd4   0x08004dd4   0x000000da   Code   RO         1698    .text.USBD_CDC_Setup  usbd_cdc.o
    0x08004eae   0x08004eae   0x00000002   PAD
    0x08004eb0   0x08004eb0   0x00000044   Code   RO         1720    .text.USBD_CDC_TransmitPacket  usbd_cdc.o
    0x08004ef4   0x08004ef4   0x00000012   Code   RO         1609    .text.USBD_ClrClassConfig  usbd_core.o
    0x08004f06   0x08004f06   0x00000002   PAD
    0x08004f08   0x08004f08   0x00000004   Code   RO         1617    .text.USBD_CoreFindEP  usbd_core.o
    0x08004f0c   0x08004f0c   0x00000004   Code   RO         1615    .text.USBD_CoreFindIF  usbd_core.o
    0x08004f10   0x08004f10   0x00000010   Code   RO         1678    .text.USBD_CtlContinueRx  usbd_ioreq.o
    0x08004f20   0x08004f20   0x00000010   Code   RO         1674    .text.USBD_CtlContinueSendData  usbd_ioreq.o
    0x08004f30   0x08004f30   0x00000016   Code   RO         1653    .text.USBD_CtlError  usbd_ctlreq.o
    0x08004f46   0x08004f46   0x00000002   PAD
    0x08004f48   0x08004f48   0x0000001a   Code   RO         1676    .text.USBD_CtlPrepareRx  usbd_ioreq.o
    0x08004f62   0x08004f62   0x00000002   PAD
    0x08004f64   0x08004f64   0x00000016   Code   RO         1682    .text.USBD_CtlReceiveStatus  usbd_ioreq.o
    0x08004f7a   0x08004f7a   0x00000002   PAD
    0x08004f7c   0x08004f7c   0x0000001a   Code   RO         1672    .text.USBD_CtlSendData  usbd_ioreq.o
    0x08004f96   0x08004f96   0x00000002   PAD
    0x08004f98   0x08004f98   0x00000016   Code   RO         1680    .text.USBD_CtlSendStatus  usbd_ioreq.o
    0x08004fae   0x08004fae   0x00000002   PAD
    0x08004fb0   0x08004fb0   0x00000024   Code   RO         1483    .text.USBD_FS_ConfigStrDescriptor  usbd_desc.o
    0x08004fd4   0x08004fd4   0x0000000e   Code   RO         1473    .text.USBD_FS_DeviceDescriptor  usbd_desc.o
    0x08004fe2   0x08004fe2   0x00000002   PAD
    0x08004fe4   0x08004fe4   0x00000028   Code   RO         1485    .text.USBD_FS_InterfaceStrDescriptor  usbd_desc.o
    0x0800500c   0x0800500c   0x0000000e   Code   RO         1475    .text.USBD_FS_LangIDStrDescriptor  usbd_desc.o
    0x0800501a   0x0800501a   0x00000002   PAD
    0x0800501c   0x0800501c   0x0000002c   Code   RO         1477    .text.USBD_FS_ManufacturerStrDescriptor  usbd_desc.o
    0x08005048   0x08005048   0x00000030   Code   RO         1479    .text.USBD_FS_ProductStrDescriptor  usbd_desc.o
    0x08005078   0x08005078   0x00000088   Code   RO         1481    .text.USBD_FS_SerialStrDescriptor  usbd_desc.o
    0x08005100   0x08005100   0x00000036   Code   RO         1639    .text.USBD_GetEpDesc  usbd_core.o
    0x08005136   0x08005136   0x00000002   PAD
    0x08005138   0x08005138   0x00000074   Code   RO         1661    .text.USBD_GetString  usbd_ctlreq.o
    0x080051ac   0x080051ac   0x0000002a   Code   RO         1595    .text.USBD_Init     usbd_core.o
    0x080051d6   0x080051d6   0x00000002   PAD
    0x080051d8   0x080051d8   0x00000022   Code   RO         1567    .text.USBD_LL_ClearStallEP  usbd_conf.o
    0x080051fa   0x080051fa   0x00000002   PAD
    0x080051fc   0x080051fc   0x00000022   Code   RO         1561    .text.USBD_LL_CloseEP  usbd_conf.o
    0x0800521e   0x0800521e   0x00000002   PAD
    0x08005220   0x08005220   0x000000b2   Code   RO         1619    .text.USBD_LL_DataInStage  usbd_core.o
    0x080052d2   0x080052d2   0x00000002   PAD
    0x080052d4   0x080052d4   0x0000007a   Code   RO         1613    .text.USBD_LL_DataOutStage  usbd_core.o
    0x0800534e   0x0800534e   0x00000002   PAD
    0x08005350   0x08005350   0x00000004   Code   RO         1635    .text.USBD_LL_DevConnected  usbd_core.o
    0x08005354   0x08005354   0x00000022   Code   RO         1637    .text.USBD_LL_DevDisconnected  usbd_core.o
    0x08005376   0x08005376   0x00000002   PAD
    0x08005378   0x08005378   0x00000008   Code   RO         1577    .text.USBD_LL_GetRxDataSize  usbd_conf.o
    0x08005380   0x08005380   0x00000072   Code   RO         1549    .text.USBD_LL_Init  usbd_conf.o
    0x080053f2   0x080053f2   0x00000002   PAD
    0x080053f4   0x080053f4   0x00000022   Code   RO         1569    .text.USBD_LL_IsStallEP  usbd_conf.o
    0x08005416   0x08005416   0x00000002   PAD
    0x08005418   0x08005418   0x0000002c   Code   RO         1631    .text.USBD_LL_IsoINIncomplete  usbd_core.o
    0x08005444   0x08005444   0x0000002c   Code   RO         1633    .text.USBD_LL_IsoOUTIncomplete  usbd_core.o
    0x08005470   0x08005470   0x00000028   Code   RO         1559    .text.USBD_LL_OpenEP  usbd_conf.o
    0x08005498   0x08005498   0x00000022   Code   RO         1575    .text.USBD_LL_PrepareReceive  usbd_conf.o
    0x080054ba   0x080054ba   0x00000002   PAD
    0x080054bc   0x080054bc   0x00000060   Code   RO         1621    .text.USBD_LL_Reset  usbd_core.o
    0x0800551c   0x0800551c   0x00000014   Code   RO         1627    .text.USBD_LL_Resume  usbd_core.o
    0x08005530   0x08005530   0x0000001e   Code   RO         1629    .text.USBD_LL_SOF   usbd_core.o
    0x0800554e   0x0800554e   0x00000002   PAD
    0x08005550   0x08005550   0x00000008   Code   RO         1623    .text.USBD_LL_SetSpeed  usbd_core.o
    0x08005558   0x08005558   0x00000022   Code   RO         1571    .text.USBD_LL_SetUSBAddress  usbd_conf.o
    0x0800557a   0x0800557a   0x00000002   PAD
    0x0800557c   0x0800557c   0x00000060   Code   RO         1611    .text.USBD_LL_SetupStage  usbd_core.o
    0x080055dc   0x080055dc   0x00000022   Code   RO         1565    .text.USBD_LL_StallEP  usbd_conf.o
    0x080055fe   0x080055fe   0x00000002   PAD
    0x08005600   0x08005600   0x00000022   Code   RO         1555    .text.USBD_LL_Start  usbd_conf.o
    0x08005622   0x08005622   0x00000002   PAD
    0x08005624   0x08005624   0x00000014   Code   RO         1625    .text.USBD_LL_Suspend  usbd_core.o
    0x08005638   0x08005638   0x00000022   Code   RO         1573    .text.USBD_LL_Transmit  usbd_conf.o
    0x0800565a   0x0800565a   0x00000002   PAD
    0x0800565c   0x0800565c   0x00000016   Code   RO         1659    .text.USBD_ParseSetupRequest  usbd_ctlreq.o
    0x08005672   0x08005672   0x00000002   PAD
    0x08005674   0x08005674   0x00000042   Code   RO         1599    .text.USBD_RegisterClass  usbd_core.o
    0x080056b6   0x080056b6   0x00000002   PAD
    0x080056b8   0x080056b8   0x00000010   Code   RO         1607    .text.USBD_SetClassConfig  usbd_core.o
    0x080056c8   0x080056c8   0x00000004   Code   RO         1601    .text.USBD_Start    usbd_core.o
    0x080056cc   0x080056cc   0x00000336   Code   RO         1651    .text.USBD_StdDevReq  usbd_ctlreq.o
    0x08005a02   0x08005a02   0x00000002   PAD
    0x08005a04   0x08005a04   0x0000014a   Code   RO         1657    .text.USBD_StdEPReq  usbd_ctlreq.o
    0x08005b4e   0x08005b4e   0x00000002   PAD
    0x08005b50   0x08005b50   0x00000078   Code   RO         1655    .text.USBD_StdItfReq  usbd_ctlreq.o
    0x08005bc8   0x08005bc8   0x00000002   Code   RO         1581    .text.USBD_static_free  usbd_conf.o
    0x08005bca   0x08005bca   0x00000002   PAD
    0x08005bcc   0x08005bcc   0x0000000a   Code   RO         1579    .text.USBD_static_malloc  usbd_conf.o
    0x08005bd6   0x08005bd6   0x00000002   PAD
    0x08005bd8   0x08005bd8   0x00000080   Code   RO          455    .text.USB_ActivateEndpoint  stm32f4xx_ll_usb.o
    0x08005c58   0x08005c58   0x00000020   Code   RO          497    .text.USB_ActivateSetup  stm32f4xx_ll_usb.o
    0x08005c78   0x08005c78   0x000000fe   Code   RO          433    .text.USB_CoreInit  stm32f4xx_ll_usb.o
    0x08005d76   0x08005d76   0x00000002   PAD
    0x08005d78   0x08005d78   0x00000086   Code   RO          459    .text.USB_DeactivateEndpoint  stm32f4xx_ll_usb.o
    0x08005dfe   0x08005dfe   0x00000002   PAD
    0x08005e00   0x08005e00   0x0000001e   Code   RO          481    .text.USB_DevConnect  stm32f4xx_ll_usb.o
    0x08005e1e   0x08005e1e   0x00000002   PAD
    0x08005e20   0x08005e20   0x0000001e   Code   RO          483    .text.USB_DevDisconnect  stm32f4xx_ll_usb.o
    0x08005e3e   0x08005e3e   0x00000002   PAD
    0x08005e40   0x08005e40   0x000001e2   Code   RO          445    .text.USB_DevInit   stm32f4xx_ll_usb.o
    0x08006022   0x08006022   0x00000002   PAD
    0x08006024   0x08006024   0x0000000e   Code   RO          439    .text.USB_DisableGlobalInt  stm32f4xx_ll_usb.o
    0x08006032   0x08006032   0x00000002   PAD
    0x08006034   0x08006034   0x000000fc   Code   RO          467    .text.USB_EP0StartXfer  stm32f4xx_ll_usb.o
    0x08006130   0x08006130   0x0000005a   Code   RO          499    .text.USB_EP0_OutStart  stm32f4xx_ll_usb.o
    0x0800618a   0x0800618a   0x00000002   PAD
    0x0800618c   0x0800618c   0x00000050   Code   RO          475    .text.USB_EPClearStall  stm32f4xx_ll_usb.o
    0x080061dc   0x080061dc   0x0000003c   Code   RO          473    .text.USB_EPSetStall  stm32f4xx_ll_usb.o
    0x08006218   0x08006218   0x000001c0   Code   RO          463    .text.USB_EPStartXfer  stm32f4xx_ll_usb.o
    0x080063d8   0x080063d8   0x0000008a   Code   RO          469    .text.USB_EPStopXfer  stm32f4xx_ll_usb.o
    0x08006462   0x08006462   0x00000002   PAD
    0x08006464   0x08006464   0x0000000e   Code   RO          437    .text.USB_EnableGlobalInt  stm32f4xx_ll_usb.o
    0x08006472   0x08006472   0x00000002   PAD
    0x08006474   0x08006474   0x0000004e   Code   RO          449    .text.USB_FlushTxFifo  stm32f4xx_ll_usb.o
    0x080064c2   0x080064c2   0x00000002   PAD
    0x080064c4   0x080064c4   0x0000001a   Code   RO          453    .text.USB_GetDevSpeed  stm32f4xx_ll_usb.o
    0x080064de   0x080064de   0x00000002   PAD
    0x080064e0   0x080064e0   0x00000008   Code   RO          443    .text.USB_GetMode   stm32f4xx_ll_usb.o
    0x080064e8   0x080064e8   0x0000000e   Code   RO          489    .text.USB_ReadDevAllInEpInterrupt  stm32f4xx_ll_usb.o
    0x080064f6   0x080064f6   0x00000002   PAD
    0x080064f8   0x080064f8   0x0000000e   Code   RO          487    .text.USB_ReadDevAllOutEpInterrupt  stm32f4xx_ll_usb.o
    0x08006506   0x08006506   0x00000002   PAD
    0x08006508   0x08006508   0x00000024   Code   RO          493    .text.USB_ReadDevInEPInterrupt  stm32f4xx_ll_usb.o
    0x0800652c   0x0800652c   0x00000010   Code   RO          491    .text.USB_ReadDevOutEPInterrupt  stm32f4xx_ll_usb.o
    0x0800653c   0x0800653c   0x00000008   Code   RO          485    .text.USB_ReadInterrupts  stm32f4xx_ll_usb.o
    0x08006544   0x08006544   0x0000004a   Code   RO          471    .text.USB_ReadPacket  stm32f4xx_ll_usb.o
    0x0800658e   0x0800658e   0x00000002   PAD
    0x08006590   0x08006590   0x00000064   Code   RO          441    .text.USB_SetCurrentMode  stm32f4xx_ll_usb.o
    0x080065f4   0x080065f4   0x00000022   Code   RO          479    .text.USB_SetDevAddress  stm32f4xx_ll_usb.o
    0x08006616   0x08006616   0x00000002   PAD
    0x08006618   0x08006618   0x00000110   Code   RO          435    .text.USB_SetTurnaroundTime  stm32f4xx_ll_usb.o
    0x08006728   0x08006728   0x0000003a   Code   RO          465    .text.USB_WritePacket  stm32f4xx_ll_usb.o
    0x08006762   0x08006762   0x00000002   PAD
    0x08006764   0x08006764   0x00000002   Code   RO          306    .text.UsageFault_Handler  stm32f4xx_it.o
    0x08006766   0x08006766   0x00000002   PAD
    0x08006768   0x08006768   0x000000a0   Code   RO         1735    .text.arm_cos_f32   arm_cortexM4lf_math.lib(arm_cos_f32.o)
    0x08006808   0x08006808   0x00000098   Code   RO         1745    .text.arm_sin_f32   arm_cortexM4lf_math.lib(arm_sin_f32.o)
    0x080068a0   0x080068a0   0x0000039c   Code   RO           19    .text.current_loop  motorcontrol.o
    0x08006c3c   0x08006c3c   0x000001b0   Code   RO          167    .text.main          main.o
    0x08006dec   0x08006dec   0x000000c0   Code   RO           21    .text.speed_loop    motorcontrol.o
    0x08006eac   0x08006eac   0x0000003a   Code   RO         1877    i.__hardfp_sqrtf    m_wm.l(sqrtf.o)
    0x08006ee6   0x08006ee6   0x00000002   PAD
    0x08006ee8   0x08006ee8   0x00000062   Code   RO         1859    x$fpl$d2f           fz_wm.l(d2f.o)
    0x08006f4a   0x08006f4a   0x00000002   PAD
    0x08006f4c   0x08006f4c   0x00000150   Code   RO         1861    x$fpl$dadd          fz_wm.l(daddsub_clz.o)
    0x0800709c   0x0800709c   0x00000026   Code   RO         1867    x$fpl$dfltu         fz_wm.l(dflt_clz.o)
    0x080070c2   0x080070c2   0x00000002   PAD
    0x080070c4   0x080070c4   0x00000154   Code   RO         1873    x$fpl$dmul          fz_wm.l(dmul.o)
    0x08007218   0x08007218   0x0000009c   Code   RO         1890    x$fpl$dnaninf       fz_wm.l(dnaninf.o)
    0x080072b4   0x080072b4   0x0000000c   Code   RO         1892    x$fpl$dretinf       fz_wm.l(dretinf.o)
    0x080072c0   0x080072c0   0x000001dc   Code   RO         1863    x$fpl$dsub          fz_wm.l(daddsub_clz.o)
    0x0800749c   0x0800749c   0x00000056   Code   RO         1875    x$fpl$f2d           fz_wm.l(f2d.o)
    0x080074f2   0x080074f2   0x0000008c   Code   RO         1894    x$fpl$fnaninf       fz_wm.l(fnaninf.o)
    0x0800757e   0x0800757e   0x0000001a   Code   RO         2010    x$fpl$fpinit        fz_wm.l(fpinit.o)
    0x08007598   0x08007598   0x0000000a   Code   RO         1896    x$fpl$fretinf       fz_wm.l(fretinf.o)
    0x080075a2   0x080075a2   0x00000000   Code   RO         1898    x$fpl$usenofp       fz_wm.l(usenofp.o)
    0x080075a2   0x080075a2   0x00000010   Data   RO         1454    .rodata.AHBPrescTable  system_stm32f4xx.o
    0x080075b2   0x080075b2   0x00000002   PAD
    0x080075b4   0x080075b4   0x00000004   Data   RO           30    .rodata.Ld          motorcontrol.o
    0x080075b8   0x080075b8   0x00000004   Data   RO           31    .rodata.Lq          motorcontrol.o
    0x080075bc   0x080075bc   0x00000004   Data   RO           32    .rodata.R           motorcontrol.o
    0x080075c0   0x080075c0   0x00000008   Data   RO          709    .rodata.cst8        stm32f4xx_hal_dma.o
    0x080075c8   0x080075c8   0x00000004   Data   RO           29    .rodata.one_div_cycle  motorcontrol.o
    0x080075cc   0x080075cc   0x00000004   Data   RO           35    .rodata.pi          motorcontrol.o
    0x080075d0   0x080075d0   0x00000004   Data   RO           37    .rodata.pulse_to_rad  motorcontrol.o
    0x080075d4   0x080075d4   0x00000804   Data   RO         1841    .rodata.sinTable_f32  arm_cortexM4lf_math.lib(arm_common_tables.o)
    0x08007dd8   0x08007dd8   0x00000020   Data   RO         2071    Region$$Table       anon$$obj.o


    Execution Region RW_IRAM1 (Exec base: 0x20000000, Load base: 0x08007df8, Size: 0x00007208, Max: 0x0001c000, ABSOLUTE, COMPRESSED[0x00000560])

    Exec Addr    Load Addr    Size         Type   Attr      Idx    E Section Name        Object

    0x20000000   COMPRESSED   0x0000001c   Data   RW         1487    .data.FS_Desc       usbd_desc.o
    0x2000001c   COMPRESSED   0x00000004   Data   RW         1453    .data.SystemCoreClock  system_stm32f4xx.o
    0x20000020   COMPRESSED   0x00000038   Data   RW         1724    .data.USBD_CDC      usbd_cdc.o
    0x20000058   COMPRESSED   0x00000043   Data   RW         1726    .data.USBD_CDC_CfgDesc  usbd_cdc.o
    0x2000009b   COMPRESSED   0x00000001   PAD
    0x2000009c   COMPRESSED   0x0000000a   Data   RW         1725    .data.USBD_CDC_DeviceQualifierDesc  usbd_cdc.o
    0x200000a6   COMPRESSED   0x00000002   PAD
    0x200000a8   COMPRESSED   0x00000012   Data   RW         1488    .data.USBD_FS_DeviceDesc  usbd_desc.o
    0x200000ba   COMPRESSED   0x00000002   PAD
    0x200000bc   COMPRESSED   0x00000014   Data   RW         1512    .data.USBD_Interface_fops_FS  usbd_cdc_if.o
    0x200000d0   COMPRESSED   0x00000004   Data   RW         1489    .data.USBD_LangIDDesc  usbd_desc.o
    0x200000d4   COMPRESSED   0x0000001a   Data   RW         1490    .data.USBD_StringSerial  usbd_desc.o
    0x200000ee   COMPRESSED   0x00000002   PAD
    0x200000f0   COMPRESSED   0x00000004   Data   RW           43    .data.dc_bus        motorcontrol.o
    0x200000f4   COMPRESSED   0x00002bc0   Data   RW          138    .data.errMesage     as5047p.o
    0x20002cb4   COMPRESSED   0x00000001   Data   RW          181    .data.len           main.o
    0x20002cb5   COMPRESSED   0x00000003   PAD
    0x20002cb8   COMPRESSED   0x00000004   Data   RW           52    .data.theta_m       motorcontrol.o
    0x20002cbc   COMPRESSED   0x00000004   Data   RW           53    .data.theta_m_pre   motorcontrol.o
    0x20002cc0   COMPRESSED   0x00000001   Data   RW          881    .data.uwTickFreq    stm32f4xx_hal.o
    0x20002cc1   COMPRESSED   0x00000003   PAD
    0x20002cc4   COMPRESSED   0x00000004   Data   RW          880    .data.uwTickPrio    stm32f4xx_hal.o
    0x20002cc8   COMPRESSED   0x00000004   Data   RW           56    .data.vel_fil_pre   motorcontrol.o
    0x20002ccc   COMPRESSED   0x00000004   PAD
    0x20002cd0        -       0x00000060   Zero   RW         1922    .bss                c_w.l(libspace.o)
    0x20002d30        -       0x00000001   Zero   RW         1663    .bss.USBD_SetConfig.cfgidx  usbd_ctlreq.o
    0x20002d31   COMPRESSED   0x00000003   PAD
    0x20002d34        -       0x00000200   Zero   RW         1491    .bss.USBD_StrDesc   usbd_desc.o
    0x20002f34        -       0x00000220   Zero   RW         1586    .bss.USBD_static_malloc.mem  usbd_conf.o
    0x20003154        -       0x00000800   Zero   RW         1513    .bss.UserRxBufferFS  usbd_cdc_if.o
    0x20003954        -       0x00000800   Zero   RW         1514    .bss.UserTxBufferFS  usbd_cdc_if.o
    0x20004154        -       0x00000004   Zero   RW          191    .bss.cnt            main.o
    0x20004158        -       0x00000004   Zero   RW           59    .bss.costest        motorcontrol.o
    0x2000415c        -       0x00000190   Zero   RW          194    .bss.data_len       main.o
    0x200042ec        -       0x00000004   Zero   RW          190    .bss.del_pos_sum    main.o
    0x200042f0        -       0x00000004   Zero   RW          193    .bss.del_theta      main.o
    0x200042f4        -       0x00000010   Zero   RW          175    .bss.encInstanceA   main.o
    0x20004304        -       0x00000002   Zero   RW           60    .bss.encPositionA   motorcontrol.o
    0x20004306        -       0x00000002   Zero   RW          192    .bss.errorcode      main.o
    0x20004308        -       0x00000001   Zero   RW          157    .bss.gpioPin        as5047p_hal.o
    0x20004309   COMPRESSED   0x00000003   PAD
    0x2000430c        -       0x00000004   Zero   RW          156    .bss.gpioPort       as5047p_hal.o
    0x20004310        -       0x000002dc   Zero   RW         1466    .bss.hUsbDeviceFS   usb_device.o
    0x200045ec        -       0x00000048   Zero   RW          247    .bss.hadc1          adc.o
    0x20004634        -       0x00000004   Zero   RW          158    .bss.handlerSPI     as5047p_hal.o
    0x20004638        -       0x00000060   Zero   RW          248    .bss.hdma_adc1      adc.o
    0x20004698        -       0x0000050c   Zero   RW         1585    .bss.hpcd_USB_OTG_FS  usbd_conf.o
    0x20004ba4        -       0x00000058   Zero   RW          272    .bss.hspi3          spi.o
    0x20004bfc        -       0x00000048   Zero   RW          289    .bss.htim1          tim.o
    0x20004c44        -       0x00000004   Zero   RW           61    .bss.ia             motorcontrol.o
    0x20004c48        -       0x00000004   Zero   RW           44    .bss.ia_carli       motorcontrol.o
    0x20004c4c        -       0x00000004   Zero   RW           93    .bss.ia_carli_u32   motorcontrol.o
    0x20004c50        -       0x00000004   Zero   RW           90    .bss.ia_u32         motorcontrol.o
    0x20004c54        -       0x00000004   Zero   RW           62    .bss.ib             motorcontrol.o
    0x20004c58        -       0x00000004   Zero   RW           45    .bss.ib_carli       motorcontrol.o
    0x20004c5c        -       0x00000004   Zero   RW           94    .bss.ib_carli_u32   motorcontrol.o
    0x20004c60        -       0x00000004   Zero   RW           91    .bss.ib_u32         motorcontrol.o
    0x20004c64        -       0x00000004   Zero   RW           63    .bss.ic             motorcontrol.o
    0x20004c68        -       0x00000004   Zero   RW           46    .bss.ic_carli       motorcontrol.o
    0x20004c6c        -       0x00000004   Zero   RW           95    .bss.ic_carli_u32   motorcontrol.o
    0x20004c70        -       0x00000004   Zero   RW           92    .bss.ic_u32         motorcontrol.o
    0x20004c74        -       0x00000004   Zero   RW           64    .bss.id             motorcontrol.o
    0x20004c78        -       0x00000004   Zero   RW           48    .bss.id_pre         motorcontrol.o
    0x20004c7c        -       0x00000004   Zero   RW           66    .bss.id_ref         motorcontrol.o
    0x20004c80        -       0x00000004   Zero   RW          185    .bss.index_pos      main.o
    0x20004c84        -       0x00000004   Zero   RW           49    .bss.integ_d        motorcontrol.o
    0x20004c88        -       0x00000004   Zero   RW           51    .bss.integ_q        motorcontrol.o
    0x20004c8c        -       0x00000004   Zero   RW           54    .bss.integ_vel      motorcontrol.o
    0x20004c90        -       0x00000004   Zero   RW           65    .bss.iq             motorcontrol.o
    0x20004c94        -       0x00000004   Zero   RW           50    .bss.iq_pre         motorcontrol.o
    0x20004c98        -       0x00000004   Zero   RW           70    .bss.iq_ref         motorcontrol.o
    0x20004c9c        -       0x00000001   Zero   RW          186    .bss.is_still       main.o
    0x20004c9d   COMPRESSED   0x00000003   PAD
    0x20004ca0        -       0x00000004   Zero   RW           68    .bss.ki_d           motorcontrol.o
    0x20004ca4        -       0x00000004   Zero   RW           72    .bss.ki_q           motorcontrol.o
    0x20004ca8        -       0x00000004   Zero   RW           80    .bss.ki_vel         motorcontrol.o
    0x20004cac        -       0x00000004   Zero   RW           67    .bss.kp_d           motorcontrol.o
    0x20004cb0        -       0x00000004   Zero   RW           83    .bss.kp_pos         motorcontrol.o
    0x20004cb4        -       0x00000004   Zero   RW           71    .bss.kp_q           motorcontrol.o
    0x20004cb8        -       0x00000004   Zero   RW           79    .bss.kp_vel         motorcontrol.o
    0x20004cbc        -       0x00000004   Zero   RW           81    .bss.pos_ref        motorcontrol.o
    0x20004cc0        -       0x00000004   Zero   RW           76    .bss.scalefactor    motorcontrol.o
    0x20004cc4        -       0x00000004   Zero   RW           58    .bss.sintest        motorcontrol.o
    0x20004cc8        -       0x00000001   Zero   RW          182    .bss.state          main.o
    0x20004cc9   COMPRESSED   0x00000003   PAD
    0x20004ccc        -       0x00000004   Zero   RW          187    .bss.still_time     main.o
    0x20004cd0        -       0x00000004   Zero   RW           47    .bss.theta_e        motorcontrol.o
    0x20004cd4        -       0x00000004   Zero   RW          176    .bss.tmp            main.o
    0x20004cd8        -       0x00000004   Zero   RW          177    .bss.tmp_1          main.o
    0x20004cdc        -       0x00000004   Zero   RW          178    .bss.tmp_2          main.o
    0x20004ce0        -       0x00000004   Zero   RW           69    .bss.ud             motorcontrol.o
    0x20004ce4        -       0x00000004   Zero   RW           74    .bss.ud_mod         motorcontrol.o
    0x20004ce8        -       0x00000004   Zero   RW           73    .bss.uq             motorcontrol.o
    0x20004cec        -       0x00000004   Zero   RW           75    .bss.uq_mod         motorcontrol.o
    0x20004cf0        -       0x00000004   Zero   RW          882    .bss.uwTick         stm32f4xx_hal.o
    0x20004cf4        -       0x00000004   Zero   RW           78    .bss.vel_fil        motorcontrol.o
    0x20004cf8        -       0x00000004   Zero   RW           82    .bss.vel_m          motorcontrol.o
    0x20004cfc        -       0x00000004   Zero   RW           77    .bss.vel_ref        motorcontrol.o
    0x20004d00        -       0x00000004   Zero   RW          189    .bss.vofa_tail      main.o
    0x20004d04   COMPRESSED   0x00000004   PAD
    0x20004d08        -       0x00001000   Zero   RW            2    HEAP                startup_stm32f405xx.o
    0x20005d08        -       0x00001500   Zero   RW            1    STACK               startup_stm32f405xx.o


    Execution Region RW_IRAM2 (Exec base: 0x2001c000, Load base: 0x08008358, Size: 0x00000000, Max: 0x00004000, ABSOLUTE)

    **** No section assigned to this execution region ****


==============================================================================

Image component sizes


      Code (inc. data)   RO Data    RW Data    ZI Data      Debug   Object Name

       608          0          0          0        168       8650   adc.o
      1424          0          0      11200          0      20230   as5047p.o
       268          0          0          0          9       5625   as5047p_hal.o
        56          0          0          0          0       3392   dma.o
       186          0          0          0          0       2150   gpio.o
      1980         88          0          1        456       8229   main.o
      2068         94         24         16        162       8638   motorcontrol.o
       194          0          0          0         88       5019   spi.o
        64         26        392          0       9472        824   startup_stm32f405xx.o
       212          0          0          5          4       7220   stm32f4xx_hal.o
       908          0          0          0          0      11482   stm32f4xx_hal_adc.o
       626          4          0          0          0       9363   stm32f4xx_hal_adc_ex.o
       194          0          0          0          0      10389   stm32f4xx_hal_cortex.o
       712          4          8          0          0       9775   stm32f4xx_hal_dma.o
       418          0          0          0          0       5038   stm32f4xx_hal_gpio.o
        56          0          0          0          0       1434   stm32f4xx_hal_msp.o
      2964          0          0          0          0      16577   stm32f4xx_hal_pcd.o
        88          0          0          0          0       4345   stm32f4xx_hal_pcd_ex.o
      1364          0          0          0          0       7332   stm32f4xx_hal_rcc.o
       934          0          0          0          0      23275   stm32f4xx_hal_spi.o
      2248          4          0          0          0      56368   stm32f4xx_hal_tim.o
       514          0          0          0          0      21513   stm32f4xx_hal_tim_ex.o
        72          0          0          0          0       7859   stm32f4xx_it.o
      2924          0          0          0          0      26381   stm32f4xx_ll_usb.o
        18          0         16          4          0       2623   system_stm32f4xx.o
       516          0          0          0         72       9165   tim.o
       114          0          0          0        732       3167   usb_device.o
      1208         12          0        133          0      11194   usbd_cdc.o
       138          0          0         20       4096       4865   usbd_cdc_if.o
       780          0          0          0       1836      18212   usbd_conf.o
       904          0          0          0          0      10559   usbd_core.o
      1432         24          0          0          1       9519   usbd_ctlreq.o
       332         72          0         76        512       3596   usbd_desc.o
       128          0          0          0          0       4692   usbd_ioreq.o

    ----------------------------------------------------------------------
     26888        328        474      11468      17628     358700   Object Totals
         0          0         32          0          0          0   (incl. Generated)
       236          0          2         13         20          0   (incl. Padding)

    ----------------------------------------------------------------------

      Code (inc. data)   RO Data    RW Data    ZI Data      Debug   Library Member Name

         0          0       2052          0          0       4961   arm_common_tables.o
       160         12          0          0          0       1103   arm_cos_f32.o
       152         12          0          0          0       1098   arm_sin_f32.o
        90          0          0          0          0          0   __dczerorl2.o
         8          0          0          0          0         68   __main.o
         0          0          0          0          0          0   __rtentry.o
        12          0          0          0          0          0   __rtentry2.o
         6          0          0          0          0          0   __rtentry4.o
        94          8          0          0          0          0   __scatter.o
        28          0          0          0          0          0   __scatter_zi.o
        22          0          0          0          0        100   _rserrno.o
        18          0          0          0          0         80   exit.o
         6          0          0          0          0        152   heapauxi.o
         0          0          0          0          0          0   indicate_semi.o
         2          0          0          0          0          0   libinit.o
         6          0          0          0          0          0   libinit2.o
         2          0          0          0          0          0   libshutdown.o
         2          0          0          0          0          0   libshutdown2.o
         8          4          0          0         96         68   libspace.o
       240          0          0          0          0        100   lludivv7m.o
         8          4          0          0          0         68   rt_errno_addr_intlibspace.o
        78          0          0          0          0         80   rt_memclr_w.o
         2          0          0          0          0          0   rtexit.o
        10          0          0          0          0          0   rtexit2.o
        12          4          0          0          0         68   sys_exit.o
        74          0          0          0          0         80   sys_stackheap_outer.o
         2          0          0          0          0         68   use_no_semi.o
        98          4          0          0          0        140   d2f.o
       812         16          0          0          0        392   daddsub_clz.o
        38          0          0          0          0        116   dflt_clz.o
       340         12          0          0          0        152   dmul.o
       156          4          0          0          0        140   dnaninf.o
        12          0          0          0          0        116   dretinf.o
        86          4          0          0          0        132   f2d.o
       140          4          0          0          0        132   fnaninf.o
        26          0          0          0          0        116   fpinit.o
        10          0          0          0          0        116   fretinf.o
         0          0          0          0          0          0   usenofp.o
        58          0          0          0          0        136   sqrtf.o

    ----------------------------------------------------------------------
      2834         88       2052          0         96       9782   Library Totals
        16          0          0          0          0          0   (incl. Padding)

    ----------------------------------------------------------------------

      Code (inc. data)   RO Data    RW Data    ZI Data      Debug   Library Name

       312         24       2052          0          0       7162   arm_cortexM4lf_math.lib
       730         20          0          0         96        932   c_w.l
      1718         44          0          0          0       1552   fz_wm.l
        58          0          0          0          0        136   m_wm.l

    ----------------------------------------------------------------------
      2834         88       2052          0         96       9782   Library Totals

    ----------------------------------------------------------------------

==============================================================================


      Code (inc. data)   RO Data    RW Data    ZI Data      Debug   

     29722        416       2526      11468      17724     366530   Grand Totals
     29722        416       2526       1376      17724     366530   ELF Image Totals (compressed)
     29722        416       2526       1376          0          0   ROM Totals

==============================================================================

    Total RO  Size (Code + RO Data)                32248 (  31.49kB)
    Total RW  Size (RW Data + ZI Data)             29192 (  28.51kB)
    Total ROM Size (Code + RO Data + RW Data)      33624 (  32.84kB)

==============================================================================

